------------------------------------------------------------
TimeQuest Timing Analyzer Summary
------------------------------------------------------------

Type  : Slow 1200mV 85C Model Setup 'DE2_115_SOPC_inst|pll|sd1|pll7|clk[0]'
Slack : 0.460
TNS   : 0.000

Type  : Slow 1200mV 85C Model Setup 'DE2_115_SOPC_inst|pll|sd1|pll7|clk[3]'
Slack : 6.450
TNS   : 0.000

Type  : Slow 1200mV 85C Model Setup 'clock_50_1'
Slack : 15.845
TNS   : 0.000

Type  : Slow 1200mV 85C Model Setup 'DE2_115_SOPC_inst|pll|sd1|pll7|clk[2]'
Slack : 38.818
TNS   : 0.000

Type  : Slow 1200mV 85C Model Setup 'altera_reserved_tck'
Slack : 45.701
TNS   : 0.000

Type  : Slow 1200mV 85C Model Hold 'DE2_115_SOPC_inst|pll|sd1|pll7|clk[0]'
Slack : 0.263
TNS   : 0.000

Type  : Slow 1200mV 85C Model Hold 'DE2_115_SOPC_inst|pll|sd1|pll7|clk[3]'
Slack : 0.388
TNS   : 0.000

Type  : Slow 1200mV 85C Model Hold 'DE2_115_SOPC_inst|pll|sd1|pll7|clk[2]'
Slack : 0.389
TNS   : 0.000

Type  : Slow 1200mV 85C Model Hold 'altera_reserved_tck'
Slack : 0.403
TNS   : 0.000

Type  : Slow 1200mV 85C Model Hold 'clock_50_1'
Slack : 0.403
TNS   : 0.000

Type  : Slow 1200mV 85C Model Recovery 'DE2_115_SOPC_inst|pll|sd1|pll7|clk[0]'
Slack : -3.592
TNS   : -223.466

Type  : Slow 1200mV 85C Model Recovery 'DE2_115_SOPC_inst|pll|sd1|pll7|clk[3]'
Slack : -3.495
TNS   : -309.950

Type  : Slow 1200mV 85C Model Recovery 'clock_50_1'
Slack : 16.045
TNS   : 0.000

Type  : Slow 1200mV 85C Model Recovery 'altera_reserved_tck'
Slack : 47.994
TNS   : 0.000

Type  : Slow 1200mV 85C Model Recovery 'DE2_115_SOPC_inst|pll|sd1|pll7|clk[2]'
Slack : 93.014
TNS   : 0.000

Type  : Slow 1200mV 85C Model Removal 'clock_50_1'
Slack : 1.014
TNS   : 0.000

Type  : Slow 1200mV 85C Model Removal 'altera_reserved_tck'
Slack : 1.182
TNS   : 0.000

Type  : Slow 1200mV 85C Model Removal 'DE2_115_SOPC_inst|pll|sd1|pll7|clk[0]'
Slack : 1.685
TNS   : 0.000

Type  : Slow 1200mV 85C Model Removal 'DE2_115_SOPC_inst|pll|sd1|pll7|clk[3]'
Slack : 2.807
TNS   : 0.000

Type  : Slow 1200mV 85C Model Removal 'DE2_115_SOPC_inst|pll|sd1|pll7|clk[2]'
Slack : 5.252
TNS   : 0.000

Type  : Slow 1200mV 85C Model Minimum Pulse Width 'DE2_115_SOPC_inst|pll|sd1|pll7|clk[0]'
Slack : 4.621
TNS   : 0.000

Type  : Slow 1200mV 85C Model Minimum Pulse Width 'DE2_115_SOPC_inst|pll|sd1|pll7|clk[3]'
Slack : 7.389
TNS   : 0.000

Type  : Slow 1200mV 85C Model Minimum Pulse Width 'clock_50_1'
Slack : 9.682
TNS   : 0.000

Type  : Slow 1200mV 85C Model Minimum Pulse Width 'clock_50_2'
Slack : 16.000
TNS   : 0.000

Type  : Slow 1200mV 85C Model Minimum Pulse Width 'clock_50_3'
Slack : 16.000
TNS   : 0.000

Type  : Slow 1200mV 85C Model Minimum Pulse Width 'clock_27'
Slack : 33.030
TNS   : 0.000

Type  : Slow 1200mV 85C Model Minimum Pulse Width 'altera_reserved_tck'
Slack : 49.550
TNS   : 0.000

Type  : Slow 1200mV 85C Model Minimum Pulse Width 'DE2_115_SOPC_inst|pll|sd1|pll7|clk[2]'
Slack : 49.702
TNS   : 0.000

Type  : Slow 1200mV 0C Model Setup 'DE2_115_SOPC_inst|pll|sd1|pll7|clk[0]'
Slack : 1.286
TNS   : 0.000

Type  : Slow 1200mV 0C Model Setup 'DE2_115_SOPC_inst|pll|sd1|pll7|clk[3]'
Slack : 7.143
TNS   : 0.000

Type  : Slow 1200mV 0C Model Setup 'clock_50_1'
Slack : 16.239
TNS   : 0.000

Type  : Slow 1200mV 0C Model Setup 'DE2_115_SOPC_inst|pll|sd1|pll7|clk[2]'
Slack : 39.679
TNS   : 0.000

Type  : Slow 1200mV 0C Model Setup 'altera_reserved_tck'
Slack : 46.232
TNS   : 0.000

Type  : Slow 1200mV 0C Model Hold 'DE2_115_SOPC_inst|pll|sd1|pll7|clk[0]'
Slack : 0.266
TNS   : 0.000

Type  : Slow 1200mV 0C Model Hold 'DE2_115_SOPC_inst|pll|sd1|pll7|clk[2]'
Slack : 0.340
TNS   : 0.000

Type  : Slow 1200mV 0C Model Hold 'DE2_115_SOPC_inst|pll|sd1|pll7|clk[3]'
Slack : 0.341
TNS   : 0.000

Type  : Slow 1200mV 0C Model Hold 'altera_reserved_tck'
Slack : 0.354
TNS   : 0.000

Type  : Slow 1200mV 0C Model Hold 'clock_50_1'
Slack : 0.355
TNS   : 0.000

Type  : Slow 1200mV 0C Model Recovery 'DE2_115_SOPC_inst|pll|sd1|pll7|clk[0]'
Slack : -3.145
TNS   : -195.219

Type  : Slow 1200mV 0C Model Recovery 'DE2_115_SOPC_inst|pll|sd1|pll7|clk[3]'
Slack : -3.048
TNS   : -270.384

Type  : Slow 1200mV 0C Model Recovery 'clock_50_1'
Slack : 16.295
TNS   : 0.000

Type  : Slow 1200mV 0C Model Recovery 'altera_reserved_tck'
Slack : 48.296
TNS   : 0.000

Type  : Slow 1200mV 0C Model Recovery 'DE2_115_SOPC_inst|pll|sd1|pll7|clk[2]'
Slack : 93.604
TNS   : 0.000

Type  : Slow 1200mV 0C Model Removal 'clock_50_1'
Slack : 0.922
TNS   : 0.000

Type  : Slow 1200mV 0C Model Removal 'altera_reserved_tck'
Slack : 1.083
TNS   : 0.000

Type  : Slow 1200mV 0C Model Removal 'DE2_115_SOPC_inst|pll|sd1|pll7|clk[0]'
Slack : 1.520
TNS   : 0.000

Type  : Slow 1200mV 0C Model Removal 'DE2_115_SOPC_inst|pll|sd1|pll7|clk[3]'
Slack : 2.496
TNS   : 0.000

Type  : Slow 1200mV 0C Model Removal 'DE2_115_SOPC_inst|pll|sd1|pll7|clk[2]'
Slack : 4.675
TNS   : 0.000

Type  : Slow 1200mV 0C Model Minimum Pulse Width 'DE2_115_SOPC_inst|pll|sd1|pll7|clk[0]'
Slack : 4.651
TNS   : 0.000

Type  : Slow 1200mV 0C Model Minimum Pulse Width 'DE2_115_SOPC_inst|pll|sd1|pll7|clk[3]'
Slack : 7.378
TNS   : 0.000

Type  : Slow 1200mV 0C Model Minimum Pulse Width 'clock_50_1'
Slack : 9.689
TNS   : 0.000

Type  : Slow 1200mV 0C Model Minimum Pulse Width 'clock_50_2'
Slack : 16.000
TNS   : 0.000

Type  : Slow 1200mV 0C Model Minimum Pulse Width 'clock_50_3'
Slack : 16.000
TNS   : 0.000

Type  : Slow 1200mV 0C Model Minimum Pulse Width 'clock_27'
Slack : 33.030
TNS   : 0.000

Type  : Slow 1200mV 0C Model Minimum Pulse Width 'altera_reserved_tck'
Slack : 49.477
TNS   : 0.000

Type  : Slow 1200mV 0C Model Minimum Pulse Width 'DE2_115_SOPC_inst|pll|sd1|pll7|clk[2]'
Slack : 49.688
TNS   : 0.000

Type  : Fast 1200mV 0C Model Setup 'DE2_115_SOPC_inst|pll|sd1|pll7|clk[0]'
Slack : 5.282
TNS   : 0.000

Type  : Fast 1200mV 0C Model Setup 'DE2_115_SOPC_inst|pll|sd1|pll7|clk[3]'
Slack : 10.793
TNS   : 0.000

Type  : Fast 1200mV 0C Model Setup 'clock_50_1'
Slack : 17.786
TNS   : 0.000

Type  : Fast 1200mV 0C Model Setup 'DE2_115_SOPC_inst|pll|sd1|pll7|clk[2]'
Slack : 44.081
TNS   : 0.000

Type  : Fast 1200mV 0C Model Setup 'altera_reserved_tck'
Slack : 48.202
TNS   : 0.000

Type  : Fast 1200mV 0C Model Hold 'DE2_115_SOPC_inst|pll|sd1|pll7|clk[0]'
Slack : 0.090
TNS   : 0.000

Type  : Fast 1200mV 0C Model Hold 'DE2_115_SOPC_inst|pll|sd1|pll7|clk[2]'
Slack : 0.175
TNS   : 0.000

Type  : Fast 1200mV 0C Model Hold 'DE2_115_SOPC_inst|pll|sd1|pll7|clk[3]'
Slack : 0.175
TNS   : 0.000

Type  : Fast 1200mV 0C Model Hold 'altera_reserved_tck'
Slack : 0.182
TNS   : 0.000

Type  : Fast 1200mV 0C Model Hold 'clock_50_1'
Slack : 0.183
TNS   : 0.000

Type  : Fast 1200mV 0C Model Recovery 'DE2_115_SOPC_inst|pll|sd1|pll7|clk[0]'
Slack : -1.480
TNS   : -91.428

Type  : Fast 1200mV 0C Model Recovery 'DE2_115_SOPC_inst|pll|sd1|pll7|clk[3]'
Slack : -1.459
TNS   : -128.917

Type  : Fast 1200mV 0C Model Recovery 'clock_50_1'
Slack : 17.861
TNS   : 0.000

Type  : Fast 1200mV 0C Model Recovery 'altera_reserved_tck'
Slack : 49.321
TNS   : 0.000

Type  : Fast 1200mV 0C Model Recovery 'DE2_115_SOPC_inst|pll|sd1|pll7|clk[2]'
Slack : 96.315
TNS   : 0.000

Type  : Fast 1200mV 0C Model Removal 'clock_50_1'
Slack : 0.482
TNS   : 0.000

Type  : Fast 1200mV 0C Model Removal 'altera_reserved_tck'
Slack : 0.562
TNS   : 0.000

Type  : Fast 1200mV 0C Model Removal 'DE2_115_SOPC_inst|pll|sd1|pll7|clk[0]'
Slack : 0.809
TNS   : 0.000

Type  : Fast 1200mV 0C Model Removal 'DE2_115_SOPC_inst|pll|sd1|pll7|clk[3]'
Slack : 1.374
TNS   : 0.000

Type  : Fast 1200mV 0C Model Removal 'DE2_115_SOPC_inst|pll|sd1|pll7|clk[2]'
Slack : 2.705
TNS   : 0.000

Type  : Fast 1200mV 0C Model Minimum Pulse Width 'DE2_115_SOPC_inst|pll|sd1|pll7|clk[0]'
Slack : 4.749
TNS   : 0.000

Type  : Fast 1200mV 0C Model Minimum Pulse Width 'DE2_115_SOPC_inst|pll|sd1|pll7|clk[3]'
Slack : 7.447
TNS   : 0.000

Type  : Fast 1200mV 0C Model Minimum Pulse Width 'clock_50_1'
Slack : 9.266
TNS   : 0.000

Type  : Fast 1200mV 0C Model Minimum Pulse Width 'clock_50_2'
Slack : 16.000
TNS   : 0.000

Type  : Fast 1200mV 0C Model Minimum Pulse Width 'clock_50_3'
Slack : 16.000
TNS   : 0.000

Type  : Fast 1200mV 0C Model Minimum Pulse Width 'clock_27'
Slack : 33.030
TNS   : 0.000

Type  : Fast 1200mV 0C Model Minimum Pulse Width 'altera_reserved_tck'
Slack : 49.302
TNS   : 0.000

Type  : Fast 1200mV 0C Model Minimum Pulse Width 'DE2_115_SOPC_inst|pll|sd1|pll7|clk[2]'
Slack : 49.749
TNS   : 0.000

------------------------------------------------------------
