Archive member included to satisfy reference by file (symbol)

c:/intelfpga_lite/17.0/nios2eds/bin/gnu/h-x86_64-mingw32/bin/../lib/gcc/nios2-elf/5.3.0\libgcc.a(lib2-divmod.o)
                              obj/default/Graphics/simple_text.o (__divsi3)
c:/intelfpga_lite/17.0/nios2eds/bin/gnu/h-x86_64-mingw32/bin/../lib/gcc/nios2-elf/5.3.0/../../../../../H-x86_64-mingw32/nios2-elf/lib\libc.a(lib_a-impure.o)
                              obj/default/drv.o (_impure_ptr)
c:/intelfpga_lite/17.0/nios2eds/bin/gnu/h-x86_64-mingw32/bin/../lib/gcc/nios2-elf/5.3.0/../../../../../H-x86_64-mingw32/nios2-elf/lib\libc.a(lib_a-malign.o)
                              obj/default/Pantalla/alt_video_display.o (memalign)
c:/intelfpga_lite/17.0/nios2eds/bin/gnu/h-x86_64-mingw32/bin/../lib/gcc/nios2-elf/5.3.0/../../../../../H-x86_64-mingw32/nios2-elf/lib\libc.a(lib_a-malignr.o)
                              c:/intelfpga_lite/17.0/nios2eds/bin/gnu/h-x86_64-mingw32/bin/../lib/gcc/nios2-elf/5.3.0/../../../../../H-x86_64-mingw32/nios2-elf/lib\libc.a(lib_a-malign.o) (_memalign_r)
c:/intelfpga_lite/17.0/nios2eds/bin/gnu/h-x86_64-mingw32/bin/../lib/gcc/nios2-elf/5.3.0/../../../../../H-x86_64-mingw32/nios2-elf/lib\libc.a(lib_a-malloc.o)
                              obj/default/Graphics/draw_gimps.o (malloc)
c:/intelfpga_lite/17.0/nios2eds/bin/gnu/h-x86_64-mingw32/bin/../lib/gcc/nios2-elf/5.3.0/../../../../../H-x86_64-mingw32/nios2-elf/lib\libc.a(lib_a-mallocr.o)
                              c:/intelfpga_lite/17.0/nios2eds/bin/gnu/h-x86_64-mingw32/bin/../lib/gcc/nios2-elf/5.3.0/../../../../../H-x86_64-mingw32/nios2-elf/lib\libc.a(lib_a-malignr.o) (_malloc_r)
c:/intelfpga_lite/17.0/nios2eds/bin/gnu/h-x86_64-mingw32/bin/../lib/gcc/nios2-elf/5.3.0/../../../../../H-x86_64-mingw32/nios2-elf/lib\libc.a(lib_a-memcpy.o)
                              obj/default/Graphics/draw_gimps.o (memcpy)
c:/intelfpga_lite/17.0/nios2eds/bin/gnu/h-x86_64-mingw32/bin/../lib/gcc/nios2-elf/5.3.0/../../../../../H-x86_64-mingw32/nios2-elf/lib\libc.a(lib_a-memset.o)
                              obj/default/Pantalla/alt_video_display.o (memset)
c:/intelfpga_lite/17.0/nios2eds/bin/gnu/h-x86_64-mingw32/bin/../lib/gcc/nios2-elf/5.3.0/../../../../../H-x86_64-mingw32/nios2-elf/lib\libc.a(lib_a-printf.o)
                              obj/default/drv.o (printf)
c:/intelfpga_lite/17.0/nios2eds/bin/gnu/h-x86_64-mingw32/bin/../lib/gcc/nios2-elf/5.3.0/../../../../../H-x86_64-mingw32/nios2-elf/lib\libc.a(lib_a-putc.o)
                              obj/default/drv.o (putc)
c:/intelfpga_lite/17.0/nios2eds/bin/gnu/h-x86_64-mingw32/bin/../lib/gcc/nios2-elf/5.3.0/../../../../../H-x86_64-mingw32/nios2-elf/lib\libc.a(lib_a-puts.o)
                              obj/default/chap_9.o (puts)
c:/intelfpga_lite/17.0/nios2eds/bin/gnu/h-x86_64-mingw32/bin/../lib/gcc/nios2-elf/5.3.0/../../../../../H-x86_64-mingw32/nios2-elf/lib\libc.a(lib_a-sbrkr.o)
                              c:/intelfpga_lite/17.0/nios2eds/bin/gnu/h-x86_64-mingw32/bin/../lib/gcc/nios2-elf/5.3.0/../../../../../H-x86_64-mingw32/nios2-elf/lib\libc.a(lib_a-mallocr.o) (_sbrk_r)
c:/intelfpga_lite/17.0/nios2eds/bin/gnu/h-x86_64-mingw32/bin/../lib/gcc/nios2-elf/5.3.0/../../../../../H-x86_64-mingw32/nios2-elf/lib\libc.a(lib_a-strcpy.o)
                              obj/default/Graphics/simple_graphics.o (strcpy)
c:/intelfpga_lite/17.0/nios2eds/bin/gnu/h-x86_64-mingw32/bin/../lib/gcc/nios2-elf/5.3.0/../../../../../H-x86_64-mingw32/nios2-elf/lib\libc.a(lib_a-strlen.o)
                              obj/default/Graphics/simple_graphics.o (strlen)
c:/intelfpga_lite/17.0/nios2eds/bin/gnu/h-x86_64-mingw32/bin/../lib/gcc/nios2-elf/5.3.0/../../../../../H-x86_64-mingw32/nios2-elf/lib\libc.a(lib_a-vfprintf.o)
                              c:/intelfpga_lite/17.0/nios2eds/bin/gnu/h-x86_64-mingw32/bin/../lib/gcc/nios2-elf/5.3.0/../../../../../H-x86_64-mingw32/nios2-elf/lib\libc.a(lib_a-printf.o) (___vfprintf_internal_r)
c:/intelfpga_lite/17.0/nios2eds/bin/gnu/h-x86_64-mingw32/bin/../lib/gcc/nios2-elf/5.3.0/../../../../../H-x86_64-mingw32/nios2-elf/lib\libc.a(lib_a-wbuf.o)
                              c:/intelfpga_lite/17.0/nios2eds/bin/gnu/h-x86_64-mingw32/bin/../lib/gcc/nios2-elf/5.3.0/../../../../../H-x86_64-mingw32/nios2-elf/lib\libc.a(lib_a-putc.o) (__swbuf_r)
c:/intelfpga_lite/17.0/nios2eds/bin/gnu/h-x86_64-mingw32/bin/../lib/gcc/nios2-elf/5.3.0/../../../../../H-x86_64-mingw32/nios2-elf/lib\libc.a(lib_a-wsetup.o)
                              c:/intelfpga_lite/17.0/nios2eds/bin/gnu/h-x86_64-mingw32/bin/../lib/gcc/nios2-elf/5.3.0/../../../../../H-x86_64-mingw32/nios2-elf/lib\libc.a(lib_a-vfprintf.o) (__swsetup_r)
c:/intelfpga_lite/17.0/nios2eds/bin/gnu/h-x86_64-mingw32/bin/../lib/gcc/nios2-elf/5.3.0/../../../../../H-x86_64-mingw32/nios2-elf/lib\libc.a(lib_a-dtoa.o)
[...]
Memory Configuration

Name             Origin             Length             Attributes
reset            0x0000000000000000 0x0000000000000020
sdram            0x0000000000000020 0x0000000007ffffe0
*default*        0x0000000000000000 0xffffffffffffffff

Linker script and memory map

LOAD ../test_bsp//obj/HAL/src/crt0.o
LOAD obj/default/Fonts/tahomabold_20.o
LOAD obj/default/Fonts/tahomabold_32.o
LOAD obj/default/Graphics/draw_gimps.o
LOAD obj/default/Graphics/gimp_bmp.o
LOAD obj/default/Graphics/simple_graphics.o
LOAD obj/default/Graphics/simple_text.o
LOAD obj/default/Pantalla/alt_video_display.o
LOAD obj/default/SEG7.o
LOAD obj/default/chap_9.o
LOAD obj/default/drv.o
LOAD obj/default/hal.o
LOAD obj/default/isr.o
LOAD obj/default/main.o
LOAD obj/default/usb_irq.o
LOAD c:/intelfpga_lite/17.0/nios2eds/bin/gnu/h-x86_64-mingw32/bin/../lib/gcc/nios2-elf/5.3.0/../../../../../H-x86_64-mingw32/nios2-elf/lib\libstdc++.a
LOAD c:/intelfpga_lite/17.0/nios2eds/bin/gnu/h-x86_64-mingw32/bin/../lib/gcc/nios2-elf/5.3.0/../../../../../H-x86_64-mingw32/nios2-elf/lib\libm.a
LOAD c:/intelfpga_lite/17.0/nios2eds/bin/gnu/h-x86_64-mingw32/bin/../lib/gcc/nios2-elf/5.3.0\libgcc.a
START GROUP
LOAD c:/intelfpga_lite/17.0/nios2eds/bin/gnu/h-x86_64-mingw32/bin/../lib/gcc/nios2-elf/5.3.0/../../../../../H-x86_64-mingw32/nios2-elf/lib\libc.a
LOAD c:/intelfpga_lite/17.0/nios2eds/bin/gnu/h-x86_64-mingw32/bin/../lib/gcc/nios2-elf/5.3.0\libgcc.a
LOAD ../test_bsp/\libhal_bsp.a
LOAD c:/intelfpga_lite/17.0/nios2eds/bin/gnu/h-x86_64-mingw32/bin/../lib/gcc/nios2-elf/5.3.0/../../../../../H-x86_64-mingw32/nios2-elf/lib\libm.a
END GROUP
LOAD c:/intelfpga_lite/17.0/nios2eds/bin/gnu/h-x86_64-mingw32/bin/../lib/gcc/nios2-elf/5.3.0\libgcc.a
                0x0000000000000000                __alt_mem_sdram = 0x0

.entry          0x0000000000000000       0x20
 *(.entry)
 .entry         0x0000000000000000       0x20 ../test_bsp//obj/HAL/src/crt0.o
                0x0000000000000000                __reset

.exceptions     0x0000000000000020      0x224
                0x0000000000000020                PROVIDE (__ram_exceptions_start, ABSOLUTE (.))
                0x0000000000000020                . = ALIGN (0x20)
 *(.irq)
 *(.exceptions.entry.label)
 .exceptions.entry.label
                0x0000000000000020        0x0 ../test_bsp/\libhal_bsp.a(alt_irq_entry.o)
                0x0000000000000020                alt_irq_entry
 .exceptions.entry.label
                0x0000000000000020        0x0 ../test_bsp/\libhal_bsp.a(alt_exception_entry.o)
                0x0000000000000020                alt_exception
 *(.exceptions.entry.user)
 *(.exceptions.entry.ecc_fatal)
 *(.exceptions.entry)
 .exceptions.entry
                0x0000000000000020       0x54 ../test_bsp/\libhal_bsp.a(alt_exception_entry.o)
 *(.exceptions.irqtest.user)
 *(.exceptions.irqtest)
 .exceptions.irqtest
                0x0000000000000074       0x10 ../test_bsp/\libhal_bsp.a(alt_irq_entry.o)
 *(.exceptions.irqhandler.user)
 *(.exceptions.irqhandler)
 .exceptions.irqhandler
                0x0000000000000084        0x4 ../test_bsp/\libhal_bsp.a(alt_irq_entry.o)
 *(.exceptions.irqreturn.user)
 *(.exceptions.irqreturn)
 .exceptions.irqreturn
                0x0000000000000088        0x4 ../test_bsp/\libhal_bsp.a(alt_irq_entry.o)
 *(.exceptions.notirq.label)
 .exceptions.notirq.label
                0x000000000000008c        0x0 ../test_bsp/\libhal_bsp.a(alt_irq_entry.o)
 *(.exceptions.notirq.user)
 *(.exceptions.notirq)
 .exceptions.notirq
                0x000000000000008c        0x8 ../test_bsp/\libhal_bsp.a(alt_exception_entry.o)
 *(.exceptions.soft.user)
 *(.exceptions.soft)
 *(.exceptions.unknown.user)
 *(.exceptions.unknown)
 .exceptions.unknown
                0x0000000000000094       0x14 ../test_bsp/\libhal_bsp.a(alt_exception_entry.o)
 *(.exceptions.exit.label)
 .exceptions.exit.label
                0x00000000000000a8        0x0 ../test_bsp/\libhal_bsp.a(alt_irq_entry.o)
 .exceptions.exit.label
                0x00000000000000a8        0x0 ../test_bsp/\libhal_bsp.a(alt_exception_entry.o)
 *(.exceptions.exit.user)
 *(.exceptions.exit)
 .exceptions.exit
                0x00000000000000a8       0x54 ../test_bsp/\libhal_bsp.a(alt_exception_entry.o)
 *(.exceptions)
 .exceptions    0x00000000000000fc       0xd4 ../test_bsp/\libhal_bsp.a(alt_irq_handler.o)
                0x00000000000000fc                alt_irq_handler
 .exceptions    0x00000000000001d0       0x74 ../test_bsp/\libhal_bsp.a(alt_instruction_exception_entry.o)
                0x00000000000001d0                alt_instruction_exception_entry
                0x0000000000000244                PROVIDE (__ram_exceptions_end, ABSOLUTE (.))
                0x0000000000000020                PROVIDE (__flash_exceptions_start, LOADADDR (.exceptions))

.text           0x0000000000000244    0x19be4
                [!provide]                        PROVIDE (stext, ABSOLUTE (.))
 *(.interp)
 *(.hash)
 *(.dynsym)
 *(.dynstr)
 *(.gnu.version)
 *(.gnu.version_d)
 *(.gnu.version_r)
 *(.rel.init)
 *(.rela.init)
 *(.rel.text .rel.text.* .rel.gnu.linkonce.t.*)
 *(.rela.text .rela.text.* .rela.gnu.linkonce.t.*)
 *(.rel.fini)
 *(.rela.fini)
 *(.rel.rodata .rel.rodata.* .rel.gnu.linkonce.r.*)
 *(.rela.rodata .rela.rodata.* .rela.gnu.linkonce.r.*)
 *(.rel.data .rel.data.* .rel.gnu.linkonce.d.*)
 *(.rela.data .rela.data.* .rela.gnu.linkonce.d.*)
 *(.rel.tdata .rel.tdata.* .rel.gnu.linkonce.td.*)
 *(.rela.tdata .rela.tdata.* .rela.gnu.linkonce.td.*)
 *(.rel.tbss .rel.tbss.* .rel.gnu.linkonce.tb.*)
 *(.rela.tbss .rela.tbss.* .rela.gnu.linkonce.tb.*)
 *(.rel.ctors)
 *(.rela.ctors)
 *(.rel.dtors)
 *(.rela.dtors)
 *(.rel.got)
 *(.rela.got)
 *(.rel.sdata .rel.sdata.* .rel.gnu.linkonce.s.*)
 *(.rela.sdata .rela.sdata.* .rela.gnu.linkonce.s.*)
 *(.rel.sbss .rel.sbss.* .rel.gnu.linkonce.sb.*)
 *(.rela.sbss .rela.sbss.* .rela.gnu.linkonce.sb.*)
 *(.rel.sdata2 .rel.sdata2.* .rel.gnu.linkonce.s2.*)
 *(.rela.sdata2 .rela.sdata2.* .rela.gnu.linkonce.s2.*)
 *(.rel.sbss2 .rel.sbss2.* .rel.gnu.linkonce.sb2.*)
 *(.rela.sbss2 .rela.sbss2.* .rela.gnu.linkonce.sb2.*)
 *(.rel.bss .rel.bss.* .rel.gnu.linkonce.b.*)
 *(.rela.bss .rela.bss.* .rela.gnu.linkonce.b.*)
 *(.rel.plt)
 *(.rela.plt)
 *(.rel.dyn)
 *(.init)
 *(.plt)
 *(.text .stub .text.* .gnu.linkonce.t.*)
 .text          0x0000000000000244       0x4c ../test_bsp//obj/HAL/src/crt0.o
                0x0000000000000244                _start
 .text          0x0000000000000290        0x0 obj/default/Fonts/tahomabold_20.o
 .text          0x0000000000000290        0x0 obj/default/Fonts/tahomabold_32.o
 .text          0x0000000000000290      0x1e0 obj/default/Graphics/draw_gimps.o
                0x0000000000000290                AsVidCopyImageToBuffer
                0x000000000000033c                DispIMAGE
 .text          0x0000000000000470      0xb8c obj/default/Graphics/gimp_bmp.o
                0x0000000000000470                load_gimp_bmp
                0x0000000000000850                copy_pix_map_32_to_32
                0x0000000000000958                copy_pix_map_32_to_24
                0x0000000000000aa8                copy_pix_map_32_to_16
                0x0000000000000be4                copy_pix_map_24_to_32
                0x0000000000000d54                copy_pix_map_24_to_24
                0x0000000000000e9c                copy_pix_map_24_to_16
 .text          0x0000000000000ffc     0x3fe8 obj/default/Graphics/simple_graphics.o
                0x0000000000000ffc                vid_draw_line
                0x00000000000010c8                vid_scroll_string_quit
                0x000000000000110c                vid_scroll_string_init
                0x0000000000001258                vid_scroll_string
                0x00000000000015b8                vid_move_block
                0x00000000000016d4                vid_print_string
                0x00000000000017dc                vid_draw_box
                0x0000000000001934                vid_print_char
                0x0000000000001a24                vid_set_pixel
                0x0000000000001bfc                vid_get_pixel
                0x0000000000001c84                vid_paint_block
                0x0000000000001ee0                vid_draw_horiz_line
                0x000000000000221c                vid_merge_colors
                0x0000000000002268                vid_color_convert24_16
                0x0000000000002308                vid_color_convert16_24
                0x0000000000002374                vid_copy_line_to_frame_buffer
                0x0000000000002630                vid_draw_sloped_line
                0x00000000000028a4                vid_draw_circle
                0x00000000000029ec                vid_draw_round_corner_box
                0x0000000000002da8                vid_round_corner_points
                0x00000000000034e4                max3
                0x0000000000003538                min3
                0x000000000000358c                max_diff3
                0x00000000000035f0                vid_put_pixel_in_span_map
                0x00000000000036f4                vid_bres_scan_edges
                0x0000000000003938                vid_draw_triangle
                0x0000000000003cec                CopyImage16
                0x0000000000003dd8                CropImage16
                0x0000000000003f0c                vid_set_pixel_cur
                0x00000000000040e4                vid_draw_line_cur
                0x00000000000041b0                vid_draw_horiz_line_cur
                0x00000000000044ec                vid_draw_sloped_line_cur
                0x0000000000004760                vid_draw_circle_cur
                0x00000000000048a8                vid_round_corner_points_cur
 .text          0x0000000000004fe4      0xc80 obj/default/Graphics/simple_text.o
                0x0000000000004fe4                vid_print_string_alpha
                0x0000000000005248                seperate_color_channels
                0x0000000000005390                merge_color_channels
                0x00000000000054c0                read_from_frame
                0x0000000000005738                alpha_blending
                0x0000000000005994                vid_print_char_alpha
                0x0000000000005b7c                vid_string_pixel_length_alpha
 .text          0x0000000000005c64      0xb08 obj/default/Pantalla/alt_video_display.o
                0x0000000000005c64                alt_video_display_init
                0x0000000000005f54                alt_video_display_close
                0x0000000000006050                alt_video_display_register_written_buffer
                0x00000000000061c0                alt_video_display_buffer_is_available
                0x00000000000062c0                alt_video_display_clear_screen
                0x0000000000006334                alt_video_display_clear_screen_32
                0x00000000000063a0                alt_video_display_setup_frame_descriptors
                0x000000000000652c                alt_video_display_get_descriptor_span
                0x000000000000655c                alt_video_display_allocate_buffers
 .text          0x000000000000676c      0x2f0 obj/default/SEG7.o
                0x000000000000676c                SEG7_Clear
                0x00000000000067cc                SEG7_Full
                0x000000000000682c                SEG7_Number
                0x00000000000068a0                SEG7_Hex
                0x0000000000006970                SEG7_Decimal
 .text          0x0000000000006a5c      0x21c obj/default/chap_9.o
                0x0000000000006a5c                Chap9_SetAddress
                0x0000000000006aa8                Chap9_GetDescriptor
                0x0000000000006b28                Chap9_SetConfiguration
                0x0000000000006b78                Chap9_StallEP0
                0x0000000000006bc4                Chap9_SingleTransmitEP0
                0x0000000000006c08                Chap9_BurstTransmitEP0
 .text          0x0000000000006c78      0x3b8 obj/default/drv.o
                0x0000000000006c78                benchmark
                0x0000000000006ccc                ML_AcknowledgeSETUP
                0x0000000000006d00                DeviceRequest_Handler
                0x0000000000006e38                SetupToken_Handler
                0x0000000000006eb4                configure_isp
                0x0000000000006fb8                check_chip_id
 .text          0x0000000000007030     0x1090 obj/default/hal.o
                0x0000000000007030                Hal4D13_AcquireD13
                0x000000000000707c                Hal4D13_ResetDevice
                0x00000000000070ac                Hal4D13_GetDevConfig
                0x00000000000070ec                Hal4D13_SetDevConfig
                0x0000000000007134                Hal4D13_SetMode
                0x000000000000717c                Hal4D13_GetMode
                0x00000000000071bc                Hal4D13_GetAddress
                0x00000000000071fc                Hal4D13_SetAddressEnable
                0x0000000000007274                Hal4D13_SoftConnect
                0x0000000000007304                Hal4D13_AcknowledgeSETUP
                0x0000000000007334                Hal4D13_ClearBuffer
                0x0000000000007370                Hal4D13_ValidBuffer
                0x00000000000073ac                Hal4D13_ReadEndpoint
                0x00000000000074b8                Hal4D13_ReadBulkEndpoint
                0x00000000000075c4                Hal4D13_ReadEndpointWOClearBuffer
                0x00000000000076bc                Hal4D13_WriteEndpoint
                0x00000000000077c8                Hal4D13_GetIntEnable
                0x0000000000007824                Hal4D13_SetIntEnable
                0x000000000000787c                Hal4D13_ReadInterruptRegister
                0x00000000000078cc                Hal4D13_GetEndpointStatusWInteruptClear
                0x0000000000007918                Hal4D13_GetEndpointStatusWOInteruptClear
                0x0000000000007964                Hal4D13_SetEndpointStatus
                0x00000000000079d4                Hal4D13_SetDMAConfig
                0x0000000000007a1c                Hal4D13_GetDMAConfig
                0x0000000000007a5c                Hal4D13_SetDMACounter
                0x0000000000007aa4                Hal4D13_GetDMACounter
                0x0000000000007ae4                Hal4D13_GetDataFromChipRam
                0x0000000000007b24                Hal4D13_SetDataToChipRam
                0x0000000000007b6c                Hal4D13_ReadCurrentFrameNumber
                0x0000000000007bac                Hal4D13_LockDevice
                0x0000000000007c0c                Hal4D13_ReadChipID
                0x0000000000007c5c                Hal4D13_GetErrorCode
                0x0000000000007ca8                Hal4D13_GetEndpointConfig
                0x0000000000007cf4                Hal4D13_SetEndpointConfig
                0x0000000000007d4c                Hal4D13_UnconfigDevice
                0x0000000000007d6c                Hal4D13_ConfigDevice
                0x0000000000007d8c                Hal4D13_SingleTransmitEP0
                0x0000000000007de0                Hal4D13_RegAccess
                0x0000000000007f84                Hal4D13_StallEP0InControlWrite
                0x0000000000007fc4                Hal4D13_StallEP0InControlRead
                0x0000000000008004                Hal4D13_IsSetupPktInvalid
                0x0000000000008040                Write_HC_Config_Reg
                0x0000000000008088                Read_HC_Config_Reg
 .text          0x00000000000080c0      0x274 obj/default/isr.o
                0x00000000000080c0                usb_isr
                0x0000000000008144                Isr_BusReset
                0x000000000000817c                Isr_Ep00RxDone
                0x00000000000081c4                Isr_Ep01Done
                0x0000000000008268                Isr_Ep02Done
 .text          0x0000000000008334      0x4d0 obj/default/main.o
                0x0000000000008334                main
                0x0000000000008670                iton
                0x0000000000008754                reverse
 .text          0x0000000000008804       0x94 obj/default/usb_irq.o
                0x0000000000008804                disable
                0x0000000000008854                enable
 .text          0x0000000000008898      0x1b4 c:/intelfpga_lite/17.0/nios2eds/bin/gnu/h-x86_64-mingw32/bin/../lib/gcc/nios2-elf/5.3.0\libgcc.a(lib2-divmod.o)
                0x0000000000008898                __divsi3
                0x000000000000891c                __modsi3
                0x0000000000008990                __udivsi3
                0x00000000000089f4                __umodsi3
 .text          0x0000000000008a4c        0x0 c:/intelfpga_lite/17.0/nios2eds/bin/gnu/h-x86_64-mingw32/bin/../lib/gcc/nios2-elf/5.3.0/../../../../../H-x86_64-mingw32/nios2-elf/lib\libc.a(lib_a-impure.o)
 .text          0x0000000000008a4c        0x0 c:/intelfpga_lite/17.0/nios2eds/bin/gnu/h-x86_64-mingw32/bin/../lib/gcc/nios2-elf/5.3.0/../../../../../H-x86_64-mingw32/nios2-elf/lib\libc.a(lib_a-malign.o)
 .text.memalign
                0x0000000000008a4c       0x18 c:/intelfpga_lite/17.0/nios2eds/bin/gnu/h-x86_64-mingw32/bin/../lib/gcc/nios2-elf/5.3.0/../../../../../H-x86_64-mingw32/nios2-elf/lib\libc.a(lib_a-malign.o)
                0x0000000000008a4c                memalign
 .text          0x0000000000008a64        0x0 c:/intelfpga_lite/17.0/nios2eds/bin/gnu/h-x86_64-mingw32/bin/../lib/gcc/nios2-elf/5.3.0/../../../../../H-x86_64-mingw32/nios2-elf/lib\libc.a(lib_a-malignr.o)
 .text._memalign_r
                0x0000000000008a64      0x198 c:/intelfpga_lite/17.0/nios2eds/bin/gnu/h-x86_64-mingw32/bin/../lib/gcc/nios2-elf/5.3.0/../../../../../H-x86_64-mingw32/nios2-elf/lib\libc.a(lib_a-malignr.o)
                0x0000000000008a64                _memalign_r
 .text          0x0000000000008bfc        0x0 c:/intelfpga_lite/17.0/nios2eds/bin/gnu/h-x86_64-mingw32/bin/../lib/gcc/nios2-elf/5.3.0/../../../../../H-x86_64-mingw32/nios2-elf/lib\libc.a(lib_a-malloc.o)
 .text.malloc   0x0000000000008bfc       0x14 c:/intelfpga_lite/17.0/nios2eds/bin/gnu/h-x86_64-mingw32/bin/../lib/gcc/nios2-elf/5.3.0/../../../../../H-x86_64-mingw32/nios2-elf/lib\libc.a(lib_a-malloc.o)
                0x0000000000008bfc                malloc
 .text.free     0x0000000000008c10       0x14 c:/intelfpga_lite/17.0/nios2eds/bin/gnu/h-x86_64-mingw32/bin/../lib/gcc/nios2-elf/5.3.0/../../../../../H-x86_64-mingw32/nios2-elf/lib\libc.a(lib_a-malloc.o)
                0x0000000000008c10                free
 .text          0x0000000000008c24        0x0 c:/intelfpga_lite/17.0/nios2eds/bin/gnu/h-x86_64-mingw32/bin/../lib/gcc/nios2-elf/5.3.0/../../../../../H-x86_64-mingw32/nios2-elf/lib\libc.a(lib_a-mallocr.o)
 .text._malloc_r
                0x0000000000008c24      0x80c c:/intelfpga_lite/17.0/nios2eds/bin/gnu/h-x86_64-mingw32/bin/../lib/gcc/nios2-elf/5.3.0/../../../../../H-x86_64-mingw32/nios2-elf/lib\libc.a(lib_a-mallocr.o)
                0x0000000000008c24                _malloc_r
 .text          0x0000000000009430        0x0 c:/intelfpga_lite/17.0/nios2eds/bin/gnu/h-x86_64-mingw32/bin/../lib/gcc/nios2-elf/5.3.0/../../../../../H-x86_64-mingw32/nios2-elf/lib\libc.a(lib_a-memcpy.o)
 .text.memcpy   0x0000000000009430      0x148 c:/intelfpga_lite/17.0/nios2eds/bin/gnu/h-x86_64-mingw32/bin/../lib/gcc/nios2-elf/5.3.0/../../../../../H-x86_64-mingw32/nios2-elf/lib\libc.a(lib_a-memcpy.o)
                0x0000000000009430                memcpy
 .text          0x0000000000009578        0x0 c:/intelfpga_lite/17.0/nios2eds/bin/gnu/h-x86_64-mingw32/bin/../lib/gcc/nios2-elf/5.3.0/../../../../../H-x86_64-mingw32/nios2-elf/lib\libc.a(lib_a-memset.o)
 .text.memset   0x0000000000009578      0x128 c:/intelfpga_lite/17.0/nios2eds/bin/gnu/h-x86_64-mingw32/bin/../lib/gcc/nios2-elf/5.3.0/../../../../../H-x86_64-mingw32/nios2-elf/lib\libc.a(lib_a-memset.o)
                0x0000000000009578                memset
 .text          0x00000000000096a0        0x0 c:/intelfpga_lite/17.0/nios2eds/bin/gnu/h-x86_64-mingw32/bin/../lib/gcc/nios2-elf/5.3.0/../../../../../H-x86_64-mingw32/nios2-elf/lib\libc.a(lib_a-printf.o)
 .text._printf_r
                0x00000000000096a0       0x30 c:/intelfpga_lite/17.0/nios2eds/bin/gnu/h-x86_64-mingw32/bin/../lib/gcc/nios2-elf/5.3.0/../../../../../H-x86_64-mingw32/nios2-elf/lib\libc.a(lib_a-printf.o)
                0x00000000000096a0                _printf_r
 .text.printf   0x00000000000096d0       0x3c c:/intelfpga_lite/17.0/nios2eds/bin/gnu/h-x86_64-mingw32/bin/../lib/gcc/nios2-elf/5.3.0/../../../../../H-x86_64-mingw32/nios2-elf/lib\libc.a(lib_a-printf.o)
                0x00000000000096d0                printf
 .text          0x000000000000970c        0x0 c:/intelfpga_lite/17.0/nios2eds/bin/gnu/h-x86_64-mingw32/bin/../lib/gcc/nios2-elf/5.3.0/../../../../../H-x86_64-mingw32/nios2-elf/lib\libc.a(lib_a-putc.o)
 .text._putc_r  0x000000000000970c       0xa0 c:/intelfpga_lite/17.0/nios2eds/bin/gnu/h-x86_64-mingw32/bin/../lib/gcc/nios2-elf/5.3.0/../../../../../H-x86_64-mingw32/nios2-elf/lib\libc.a(lib_a-putc.o)
                0x000000000000970c                _putc_r
 .text.putc     0x00000000000097ac       0xc8 c:/intelfpga_lite/17.0/nios2eds/bin/gnu/h-x86_64-mingw32/bin/../lib/gcc/nios2-elf/5.3.0/../../../../../H-x86_64-mingw32/nios2-elf/lib\libc.a(lib_a-putc.o)
                0x00000000000097ac                putc
 .text          0x0000000000009874        0x0 c:/intelfpga_lite/17.0/nios2eds/bin/gnu/h-x86_64-mingw32/bin/../lib/gcc/nios2-elf/5.3.0/../../../../../H-x86_64-mingw32/nios2-elf/lib\libc.a(lib_a-puts.o)
 .text._puts_r  0x0000000000009874       0xc0 c:/intelfpga_lite/17.0/nios2eds/bin/gnu/h-x86_64-mingw32/bin/../lib/gcc/nios2-elf/5.3.0/../../../../../H-x86_64-mingw32/nios2-elf/lib\libc.a(lib_a-puts.o)
                0x0000000000009874                _puts_r
 .text.puts     0x0000000000009934       0x14 c:/intelfpga_lite/17.0/nios2eds/bin/gnu/h-x86_64-mingw32/bin/../lib/gcc/nios2-elf/5.3.0/../../../../../H-x86_64-mingw32/nios2-elf/lib\libc.a(lib_a-puts.o)
                0x0000000000009934                puts
 .text          0x0000000000009948        0x0 c:/intelfpga_lite/17.0/nios2eds/bin/gnu/h-x86_64-mingw32/bin/../lib/gcc/nios2-elf/5.3.0/../../../../../H-x86_64-mingw32/nios2-elf/lib\libc.a(lib_a-sbrkr.o)
 .text._sbrk_r  0x0000000000009948       0x54 c:/intelfpga_lite/17.0/nios2eds/bin/gnu/h-x86_64-mingw32/bin/../lib/gcc/nios2-elf/5.3.0/../../../../../H-x86_64-mingw32/nios2-elf/lib\libc.a(lib_a-sbrkr.o)
                0x0000000000009948                _sbrk_r
 .text          0x000000000000999c        0x0 c:/intelfpga_lite/17.0/nios2eds/bin/gnu/h-x86_64-mingw32/bin/../lib/gcc/nios2-elf/5.3.0/../../../../../H-x86_64-mingw32/nios2-elf/lib\libc.a(lib_a-strcpy.o)
 .text.strcpy   0x000000000000999c       0x90 c:/intelfpga_lite/17.0/nios2eds/bin/gnu/h-x86_64-mingw32/bin/../lib/gcc/nios2-elf/5.3.0/../../../../../H-x86_64-mingw32/nios2-elf/lib\libc.a(lib_a-strcpy.o)
                0x000000000000999c                strcpy
 .text          0x0000000000009a2c        0x0 c:/intelfpga_lite/17.0/nios2eds/bin/gnu/h-x86_64-mingw32/bin/../lib/gcc/nios2-elf/5.3.0/../../../../../H-x86_64-mingw32/nios2-elf/lib\libc.a(lib_a-strlen.o)
 .text.strlen   0x0000000000009a2c       0x98 c:/intelfpga_lite/17.0/nios2eds/bin/gnu/h-x86_64-mingw32/bin/../lib/gcc/nios2-elf/5.3.0/../../../../../H-x86_64-mingw32/nios2-elf/lib\libc.a(lib_a-strlen.o)
                0x0000000000009a2c                strlen
 .text          0x0000000000009ac4        0x0 c:/intelfpga_lite/17.0/nios2eds/bin/gnu/h-x86_64-mingw32/bin/../lib/gcc/nios2-elf/5.3.0/../../../../../H-x86_64-mingw32/nios2-elf/lib\libc.a(lib_a-vfprintf.o)
 .text.___vfprintf_internal_r
                0x0000000000009ac4     0x21f8 c:/intelfpga_lite/17.0/nios2eds/bin/gnu/h-x86_64-mingw32/bin/../lib/gcc/nios2-elf/5.3.0/../../../../../H-x86_64-mingw32/nios2-elf/lib\libc.a(lib_a-vfprintf.o)
                0x0000000000009ac4                ___vfprintf_internal_r
 .text.__vfprintf_internal
                0x000000000000bcbc       0x1c c:/intelfpga_lite/17.0/nios2eds/bin/gnu/h-x86_64-mingw32/bin/../lib/gcc/nios2-elf/5.3.0/../../../../../H-x86_64-mingw32/nios2-elf/lib\libc.a(lib_a-vfprintf.o)
                0x000000000000bcbc                __vfprintf_internal
 .text.__sbprintf
                0x000000000000bcd8       0xbc c:/intelfpga_lite/17.0/nios2eds/bin/gnu/h-x86_64-mingw32/bin/../lib/gcc/nios2-elf/5.3.0/../../../../../H-x86_64-mingw32/nios2-elf/lib\libc.a(lib_a-vfprintf.o)
 .text          0x000000000000bd94        0x0 c:/intelfpga_lite/17.0/nios2eds/bin/gnu/h-x86_64-mingw32/bin/../lib/gcc/nios2-elf/5.3.0/../../../../../H-x86_64-mingw32/nios2-elf/lib\libc.a(lib_a-wbuf.o)
 .text.__swbuf_r
                0x000000000000bd94      0x140 c:/intelfpga_lite/17.0/nios2eds/bin/gnu/h-x86_64-mingw32/bin/../lib/gcc/nios2-elf/5.3.0/../../../../../H-x86_64-mingw32/nios2-elf/lib\libc.a(lib_a-wbuf.o)
                0x000000000000bd94                __swbuf_r
 .text.__swbuf  0x000000000000bed4       0x18 c:/intelfpga_lite/17.0/nios2eds/bin/gnu/h-x86_64-mingw32/bin/../lib/gcc/nios2-elf/5.3.0/../../../../../H-x86_64-mingw32/nios2-elf/lib\libc.a(lib_a-wbuf.o)
                0x000000000000bed4                __swbuf
 .text          0x000000000000beec        0x0 c:/intelfpga_lite/17.0/nios2eds/bin/gnu/h-x86_64-mingw32/bin/../lib/gcc/nios2-elf/5.3.0/../../../../../H-x86_64-mingw32/nios2-elf/lib\libc.a(lib_a-wsetup.o)
 .text.__swsetup_r
                0x000000000000beec      0x154 c:/intelfpga_lite/17.0/nios2eds/bin/gnu/h-x86_64-mingw32/bin/../lib/gcc/nios2-elf/5.3.0/../../../../../H-x86_64-mingw32/nios2-elf/lib\libc.a(lib_a-wsetup.o)
                0x000000000000beec                __swsetup_r
 .text          0x000000000000c040        0x0 c:/intelfpga_lite/17.0/nios2eds/bin/gnu/h-x86_64-mingw32/bin/../lib/gcc/nios2-elf/5.3.0/../../../../../H-x86_64-mingw32/nios2-elf/lib\libc.a(lib_a-dtoa.o)
 .text.quorem   0x000000000000c040      0x200 c:/intelfpga_lite/17.0/nios2eds/bin/gnu/h-x86_64-mingw32/bin/../lib/gcc/nios2-elf/5.3.0/../../../../../H-x86_64-mingw32/nios2-elf/lib\libc.a(lib_a-dtoa.o)
 .text._dtoa_r  0x000000000000c240     0x1688 c:/intelfpga_lite/17.0/nios2eds/bin/gnu/h-x86_64-mingw32/bin/../lib/gcc/nios2-elf/5.3.0/../../../../../H-x86_64-mingw32/nios2-elf/lib\libc.a(lib_a-dtoa.o)
                0x000000000000c240                _dtoa_r
 .text          0x000000000000d8c8        0x0 c:/intelfpga_lite/17.0/nios2eds/bin/gnu/h-x86_64-mingw32/bin/../lib/gcc/nios2-elf/5.3.0/../../../../../H-x86_64-mingw32/nios2-elf/lib\libc.a(lib_a-fflush.o)
 .text.__sflush_r
                0x000000000000d8c8      0x21c c:/intelfpga_lite/17.0/nios2eds/bin/gnu/h-x86_64-mingw32/bin/../lib/gcc/nios2-elf/5.3.0/../../../../../H-x86_64-mingw32/nios2-elf/lib\libc.a(lib_a-fflush.o)
                0x000000000000d8c8                __sflush_r
 .text._fflush_r
                0x000000000000dae4       0x5c c:/intelfpga_lite/17.0/nios2eds/bin/gnu/h-x86_64-mingw32/bin/../lib/gcc/nios2-elf/5.3.0/../../../../../H-x86_64-mingw32/nios2-elf/lib\libc.a(lib_a-fflush.o)
                0x000000000000dae4                _fflush_r
 .text.fflush   0x000000000000db40       0x30 c:/intelfpga_lite/17.0/nios2eds/bin/gnu/h-x86_64-mingw32/bin/../lib/gcc/nios2-elf/5.3.0/../../../../../H-x86_64-mingw32/nios2-elf/lib\libc.a(lib_a-fflush.o)
                0x000000000000db40                fflush
 .text          0x000000000000db70        0x0 c:/intelfpga_lite/17.0/nios2eds/bin/gnu/h-x86_64-mingw32/bin/../lib/gcc/nios2-elf/5.3.0/../../../../../H-x86_64-mingw32/nios2-elf/lib\libc.a(lib_a-findfp.o)
 .text.__fp_unlock
                0x000000000000db70        0x8 c:/intelfpga_lite/17.0/nios2eds/bin/gnu/h-x86_64-mingw32/bin/../lib/gcc/nios2-elf/5.3.0/../../../../../H-x86_64-mingw32/nios2-elf/lib\libc.a(lib_a-findfp.o)
 .text._cleanup_r
                0x000000000000db78        0xc c:/intelfpga_lite/17.0/nios2eds/bin/gnu/h-x86_64-mingw32/bin/../lib/gcc/nios2-elf/5.3.0/../../../../../H-x86_64-mingw32/nios2-elf/lib\libc.a(lib_a-findfp.o)
                0x000000000000db78                _cleanup_r
 .text.__sinit.part.1
                0x000000000000db84      0x19c c:/intelfpga_lite/17.0/nios2eds/bin/gnu/h-x86_64-mingw32/bin/../lib/gcc/nios2-elf/5.3.0/../../../../../H-x86_64-mingw32/nios2-elf/lib\libc.a(lib_a-findfp.o)
 .text.__fp_lock
                0x000000000000dd20        0x8 c:/intelfpga_lite/17.0/nios2eds/bin/gnu/h-x86_64-mingw32/bin/../lib/gcc/nios2-elf/5.3.0/../../../../../H-x86_64-mingw32/nios2-elf/lib\libc.a(lib_a-findfp.o)
 .text.__sfmoreglue
                0x000000000000dd28       0x68 c:/intelfpga_lite/17.0/nios2eds/bin/gnu/h-x86_64-mingw32/bin/../lib/gcc/nios2-elf/5.3.0/../../../../../H-x86_64-mingw32/nios2-elf/lib\libc.a(lib_a-findfp.o)
                0x000000000000dd28                __sfmoreglue
 .text.__sfp    0x000000000000dd90      0x118 c:/intelfpga_lite/17.0/nios2eds/bin/gnu/h-x86_64-mingw32/bin/../lib/gcc/nios2-elf/5.3.0/../../../../../H-x86_64-mingw32/nios2-elf/lib\libc.a(lib_a-findfp.o)
                0x000000000000dd90                __sfp
 .text._cleanup
                0x000000000000dea8       0x18 c:/intelfpga_lite/17.0/nios2eds/bin/gnu/h-x86_64-mingw32/bin/../lib/gcc/nios2-elf/5.3.0/../../../../../H-x86_64-mingw32/nios2-elf/lib\libc.a(lib_a-findfp.o)
                0x000000000000dea8                _cleanup
 .text.__sinit  0x000000000000dec0       0x10 c:/intelfpga_lite/17.0/nios2eds/bin/gnu/h-x86_64-mingw32/bin/../lib/gcc/nios2-elf/5.3.0/../../../../../H-x86_64-mingw32/nios2-elf/lib\libc.a(lib_a-findfp.o)
                0x000000000000dec0                __sinit
 .text.__sfp_lock_acquire
                0x000000000000ded0        0x4 c:/intelfpga_lite/17.0/nios2eds/bin/gnu/h-x86_64-mingw32/bin/../lib/gcc/nios2-elf/5.3.0/../../../../../H-x86_64-mingw32/nios2-elf/lib\libc.a(lib_a-findfp.o)
                0x000000000000ded0                __sfp_lock_acquire
 .text.__sfp_lock_release
                0x000000000000ded4        0x4 c:/intelfpga_lite/17.0/nios2eds/bin/gnu/h-x86_64-mingw32/bin/../lib/gcc/nios2-elf/5.3.0/../../../../../H-x86_64-mingw32/nios2-elf/lib\libc.a(lib_a-findfp.o)
                0x000000000000ded4                __sfp_lock_release
 .text.__sinit_lock_acquire
                0x000000000000ded8        0x4 c:/intelfpga_lite/17.0/nios2eds/bin/gnu/h-x86_64-mingw32/bin/../lib/gcc/nios2-elf/5.3.0/../../../../../H-x86_64-mingw32/nios2-elf/lib\libc.a(lib_a-findfp.o)
                0x000000000000ded8                __sinit_lock_acquire
 .text.__sinit_lock_release
                0x000000000000dedc        0x4 c:/intelfpga_lite/17.0/nios2eds/bin/gnu/h-x86_64-mingw32/bin/../lib/gcc/nios2-elf/5.3.0/../../../../../H-x86_64-mingw32/nios2-elf/lib\libc.a(lib_a-findfp.o)
                0x000000000000dedc                __sinit_lock_release
 .text.__fp_lock_all
                0x000000000000dee0       0x18 c:/intelfpga_lite/17.0/nios2eds/bin/gnu/h-x86_64-mingw32/bin/../lib/gcc/nios2-elf/5.3.0/../../../../../H-x86_64-mingw32/nios2-elf/lib\libc.a(lib_a-findfp.o)
                0x000000000000dee0                __fp_lock_all
 .text.__fp_unlock_all
                0x000000000000def8       0x18 c:/intelfpga_lite/17.0/nios2eds/bin/gnu/h-x86_64-mingw32/bin/../lib/gcc/nios2-elf/5.3.0/../../../../../H-x86_64-mingw32/nios2-elf/lib\libc.a(lib_a-findfp.o)
                0x000000000000def8                __fp_unlock_all
 .text          0x000000000000df10        0x0 c:/intelfpga_lite/17.0/nios2eds/bin/gnu/h-x86_64-mingw32/bin/../lib/gcc/nios2-elf/5.3.0/../../../../../H-x86_64-mingw32/nios2-elf/lib\libc.a(lib_a-freer.o)
 .text._malloc_trim_r
                0x000000000000df10      0x124 c:/intelfpga_lite/17.0/nios2eds/bin/gnu/h-x86_64-mingw32/bin/../lib/gcc/nios2-elf/5.3.0/../../../../../H-x86_64-mingw32/nios2-elf/lib\libc.a(lib_a-freer.o)
                0x000000000000df10                _malloc_trim_r
 .text._free_r  0x000000000000e034      0x310 c:/intelfpga_lite/17.0/nios2eds/bin/gnu/h-x86_64-mingw32/bin/../lib/gcc/nios2-elf/5.3.0/../../../../../H-x86_64-mingw32/nios2-elf/lib\libc.a(lib_a-freer.o)
                0x000000000000e034                _free_r
 .text          0x000000000000e344        0x0 c:/intelfpga_lite/17.0/nios2eds/bin/gnu/h-x86_64-mingw32/bin/../lib/gcc/nios2-elf/5.3.0/../../../../../H-x86_64-mingw32/nios2-elf/lib\libc.a(lib_a-fvwrite.o)
 .text.__sfvwrite_r
                0x000000000000e344      0x4bc c:/intelfpga_lite/17.0/nios2eds/bin/gnu/h-x86_64-mingw32/bin/../lib/gcc/nios2-elf/5.3.0/../../../../../H-x86_64-mingw32/nios2-elf/lib\libc.a(lib_a-fvwrite.o)
                0x000000000000e344                __sfvwrite_r
 .text          0x000000000000e800        0x0 c:/intelfpga_lite/17.0/nios2eds/bin/gnu/h-x86_64-mingw32/bin/../lib/gcc/nios2-elf/5.3.0/../../../../../H-x86_64-mingw32/nios2-elf/lib\libc.a(lib_a-fwalk.o)
 .text._fwalk   0x000000000000e800       0xc4 c:/intelfpga_lite/17.0/nios2eds/bin/gnu/h-x86_64-mingw32/bin/../lib/gcc/nios2-elf/5.3.0/../../../../../H-x86_64-mingw32/nios2-elf/lib\libc.a(lib_a-fwalk.o)
                0x000000000000e800                _fwalk
 .text._fwalk_reent
                0x000000000000e8c4       0xc4 c:/intelfpga_lite/17.0/nios2eds/bin/gnu/h-x86_64-mingw32/bin/../lib/gcc/nios2-elf/5.3.0/../../../../../H-x86_64-mingw32/nios2-elf/lib\libc.a(lib_a-fwalk.o)
                0x000000000000e8c4                _fwalk_reent
 .text          0x000000000000e988        0x0 c:/intelfpga_lite/17.0/nios2eds/bin/gnu/h-x86_64-mingw32/bin/../lib/gcc/nios2-elf/5.3.0/../../../../../H-x86_64-mingw32/nios2-elf/lib\libc.a(lib_a-int_errno.o)
 .text          0x000000000000e988        0x0 c:/intelfpga_lite/17.0/nios2eds/bin/gnu/h-x86_64-mingw32/bin/../lib/gcc/nios2-elf/5.3.0/../../../../../H-x86_64-mingw32/nios2-elf/lib\libc.a(lib_a-locale.o)
 .text._setlocale_r
                0x000000000000e988       0x7c c:/intelfpga_lite/17.0/nios2eds/bin/gnu/h-x86_64-mingw32/bin/../lib/gcc/nios2-elf/5.3.0/../../../../../H-x86_64-mingw32/nios2-elf/lib\libc.a(lib_a-locale.o)
                0x000000000000e988                _setlocale_r
 .text.__locale_charset
                0x000000000000ea04        0xc c:/intelfpga_lite/17.0/nios2eds/bin/gnu/h-x86_64-mingw32/bin/../lib/gcc/nios2-elf/5.3.0/../../../../../H-x86_64-mingw32/nios2-elf/lib\libc.a(lib_a-locale.o)
                0x000000000000ea04                __locale_charset
 .text.__locale_mb_cur_max
                0x000000000000ea10       0x10 c:/intelfpga_lite/17.0/nios2eds/bin/gnu/h-x86_64-mingw32/bin/../lib/gcc/nios2-elf/5.3.0/../../../../../H-x86_64-mingw32/nios2-elf/lib\libc.a(lib_a-locale.o)
                0x000000000000ea10                __locale_mb_cur_max
 .text.__locale_msgcharset
                0x000000000000ea20        0xc c:/intelfpga_lite/17.0/nios2eds/bin/gnu/h-x86_64-mingw32/bin/../lib/gcc/nios2-elf/5.3.0/../../../../../H-x86_64-mingw32/nios2-elf/lib\libc.a(lib_a-locale.o)
                0x000000000000ea20                __locale_msgcharset
 .text.__locale_cjk_lang
                0x000000000000ea2c        0x8 c:/intelfpga_lite/17.0/nios2eds/bin/gnu/h-x86_64-mingw32/bin/../lib/gcc/nios2-elf/5.3.0/../../../../../H-x86_64-mingw32/nios2-elf/lib\libc.a(lib_a-locale.o)
                0x000000000000ea2c                __locale_cjk_lang
 .text._localeconv_r
                0x000000000000ea34        0xc c:/intelfpga_lite/17.0/nios2eds/bin/gnu/h-x86_64-mingw32/bin/../lib/gcc/nios2-elf/5.3.0/../../../../../H-x86_64-mingw32/nios2-elf/lib\libc.a(lib_a-locale.o)
                0x000000000000ea34                _localeconv_r
 .text.setlocale
                0x000000000000ea40       0x18 c:/intelfpga_lite/17.0/nios2eds/bin/gnu/h-x86_64-mingw32/bin/../lib/gcc/nios2-elf/5.3.0/../../../../../H-x86_64-mingw32/nios2-elf/lib\libc.a(lib_a-locale.o)
                0x000000000000ea40                setlocale
 .text.localeconv
                0x000000000000ea58        0xc c:/intelfpga_lite/17.0/nios2eds/bin/gnu/h-x86_64-mingw32/bin/../lib/gcc/nios2-elf/5.3.0/../../../../../H-x86_64-mingw32/nios2-elf/lib\libc.a(lib_a-locale.o)
                0x000000000000ea58                localeconv
 .text          0x000000000000ea64        0x0 c:/intelfpga_lite/17.0/nios2eds/bin/gnu/h-x86_64-mingw32/bin/../lib/gcc/nios2-elf/5.3.0/../../../../../H-x86_64-mingw32/nios2-elf/lib\libc.a(lib_a-makebuf.o)
 .text.__smakebuf_r
                0x000000000000ea64      0x1bc c:/intelfpga_lite/17.0/nios2eds/bin/gnu/h-x86_64-mingw32/bin/../lib/gcc/nios2-elf/5.3.0/../../../../../H-x86_64-mingw32/nios2-elf/lib\libc.a(lib_a-makebuf.o)
                0x000000000000ea64                __smakebuf_r
 .text          0x000000000000ec20        0x0 c:/intelfpga_lite/17.0/nios2eds/bin/gnu/h-x86_64-mingw32/bin/../lib/gcc/nios2-elf/5.3.0/../../../../../H-x86_64-mingw32/nios2-elf/lib\libc.a(lib_a-memchr.o)
 .text.memchr   0x000000000000ec20       0xe4 c:/intelfpga_lite/17.0/nios2eds/bin/gnu/h-x86_64-mingw32/bin/../lib/gcc/nios2-elf/5.3.0/../../../../../H-x86_64-mingw32/nios2-elf/lib\libc.a(lib_a-memchr.o)
                0x000000000000ec20                memchr
 .text          0x000000000000ed04        0x0 c:/intelfpga_lite/17.0/nios2eds/bin/gnu/h-x86_64-mingw32/bin/../lib/gcc/nios2-elf/5.3.0/../../../../../H-x86_64-mingw32/nios2-elf/lib\libc.a(lib_a-memmove.o)
 .text.memmove  0x000000000000ed04      0x15c c:/intelfpga_lite/17.0/nios2eds/bin/gnu/h-x86_64-mingw32/bin/../lib/gcc/nios2-elf/5.3.0/../../../../../H-x86_64-mingw32/nios2-elf/lib\libc.a(lib_a-memmove.o)
                0x000000000000ed04                memmove
 .text          0x000000000000ee60        0x0 c:/intelfpga_lite/17.0/nios2eds/bin/gnu/h-x86_64-mingw32/bin/../lib/gcc/nios2-elf/5.3.0/../../../../../H-x86_64-mingw32/nios2-elf/lib\libc.a(lib_a-mprec.o)
 .text._Balloc  0x000000000000ee60       0xa8 c:/intelfpga_lite/17.0/nios2eds/bin/gnu/h-x86_64-mingw32/bin/../lib/gcc/nios2-elf/5.3.0/../../../../../H-x86_64-mingw32/nios2-elf/lib\libc.a(lib_a-mprec.o)
                0x000000000000ee60                _Balloc
 .text._Bfree   0x000000000000ef08       0x28 c:/intelfpga_lite/17.0/nios2eds/bin/gnu/h-x86_64-mingw32/bin/../lib/gcc/nios2-elf/5.3.0/../../../../../H-x86_64-mingw32/nios2-elf/lib\libc.a(lib_a-mprec.o)
                0x000000000000ef08                _Bfree
 .text.__multadd
                0x000000000000ef30      0x120 c:/intelfpga_lite/17.0/nios2eds/bin/gnu/h-x86_64-mingw32/bin/../lib/gcc/nios2-elf/5.3.0/../../../../../H-x86_64-mingw32/nios2-elf/lib\libc.a(lib_a-mprec.o)
                0x000000000000ef30                __multadd
 .text.__s2b    0x000000000000f050      0x104 c:/intelfpga_lite/17.0/nios2eds/bin/gnu/h-x86_64-mingw32/bin/../lib/gcc/nios2-elf/5.3.0/../../../../../H-x86_64-mingw32/nios2-elf/lib\libc.a(lib_a-mprec.o)
                0x000000000000f050                __s2b
 .text.__hi0bits
                0x000000000000f154       0x68 c:/intelfpga_lite/17.0/nios2eds/bin/gnu/h-x86_64-mingw32/bin/../lib/gcc/nios2-elf/5.3.0/../../../../../H-x86_64-mingw32/nios2-elf/lib\libc.a(lib_a-mprec.o)
                0x000000000000f154                __hi0bits
 .text.__lo0bits
                0x000000000000f1bc       0xb0 c:/intelfpga_lite/17.0/nios2eds/bin/gnu/h-x86_64-mingw32/bin/../lib/gcc/nios2-elf/5.3.0/../../../../../H-x86_64-mingw32/nios2-elf/lib\libc.a(lib_a-mprec.o)
                0x000000000000f1bc                __lo0bits
 .text.__i2b    0x000000000000f26c       0x3c c:/intelfpga_lite/17.0/nios2eds/bin/gnu/h-x86_64-mingw32/bin/../lib/gcc/nios2-elf/5.3.0/../../../../../H-x86_64-mingw32/nios2-elf/lib\libc.a(lib_a-mprec.o)
                0x000000000000f26c                __i2b
 .text.__multiply
                0x000000000000f2a8      0x1f8 c:/intelfpga_lite/17.0/nios2eds/bin/gnu/h-x86_64-mingw32/bin/../lib/gcc/nios2-elf/5.3.0/../../../../../H-x86_64-mingw32/nios2-elf/lib\libc.a(lib_a-mprec.o)
                0x000000000000f2a8                __multiply
 .text.__pow5mult
                0x000000000000f4a0      0x140 c:/intelfpga_lite/17.0/nios2eds/bin/gnu/h-x86_64-mingw32/bin/../lib/gcc/nios2-elf/5.3.0/../../../../../H-x86_64-mingw32/nios2-elf/lib\libc.a(lib_a-mprec.o)
                0x000000000000f4a0                __pow5mult
 .text.__lshift
                0x000000000000f5e0      0x148 c:/intelfpga_lite/17.0/nios2eds/bin/gnu/h-x86_64-mingw32/bin/../lib/gcc/nios2-elf/5.3.0/../../../../../H-x86_64-mingw32/nios2-elf/lib\libc.a(lib_a-mprec.o)
                0x000000000000f5e0                __lshift
 .text.__mcmp   0x000000000000f728       0x60 c:/intelfpga_lite/17.0/nios2eds/bin/gnu/h-x86_64-mingw32/bin/../lib/gcc/nios2-elf/5.3.0/../../../../../H-x86_64-mingw32/nios2-elf/lib\libc.a(lib_a-mprec.o)
                0x000000000000f728                __mcmp
 .text.__mdiff  0x000000000000f788      0x1fc c:/intelfpga_lite/17.0/nios2eds/bin/gnu/h-x86_64-mingw32/bin/../lib/gcc/nios2-elf/5.3.0/../../../../../H-x86_64-mingw32/nios2-elf/lib\libc.a(lib_a-mprec.o)
                0x000000000000f788                __mdiff
 .text.__ulp    0x000000000000f984       0x64 c:/intelfpga_lite/17.0/nios2eds/bin/gnu/h-x86_64-mingw32/bin/../lib/gcc/nios2-elf/5.3.0/../../../../../H-x86_64-mingw32/nios2-elf/lib\libc.a(lib_a-mprec.o)
                0x000000000000f984                __ulp
 .text.__b2d    0x000000000000f9e8      0x10c c:/intelfpga_lite/17.0/nios2eds/bin/gnu/h-x86_64-mingw32/bin/../lib/gcc/nios2-elf/5.3.0/../../../../../H-x86_64-mingw32/nios2-elf/lib\libc.a(lib_a-mprec.o)
                0x000000000000f9e8                __b2d
 .text.__d2b    0x000000000000faf4      0x14c c:/intelfpga_lite/17.0/nios2eds/bin/gnu/h-x86_64-mingw32/bin/../lib/gcc/nios2-elf/5.3.0/../../../../../H-x86_64-mingw32/nios2-elf/lib\libc.a(lib_a-mprec.o)
                0x000000000000faf4                __d2b
 .text.__ratio  0x000000000000fc40       0xa4 c:/intelfpga_lite/17.0/nios2eds/bin/gnu/h-x86_64-mingw32/bin/../lib/gcc/nios2-elf/5.3.0/../../../../../H-x86_64-mingw32/nios2-elf/lib\libc.a(lib_a-mprec.o)
                0x000000000000fc40                __ratio
 .text._mprec_log10
                0x000000000000fce4       0x74 c:/intelfpga_lite/17.0/nios2eds/bin/gnu/h-x86_64-mingw32/bin/../lib/gcc/nios2-elf/5.3.0/../../../../../H-x86_64-mingw32/nios2-elf/lib\libc.a(lib_a-mprec.o)
                0x000000000000fce4                _mprec_log10
 .text.__copybits
                0x000000000000fd58       0x78 c:/intelfpga_lite/17.0/nios2eds/bin/gnu/h-x86_64-mingw32/bin/../lib/gcc/nios2-elf/5.3.0/../../../../../H-x86_64-mingw32/nios2-elf/lib\libc.a(lib_a-mprec.o)
                0x000000000000fd58                __copybits
 .text.__any_on
                0x000000000000fdd0       0x8c c:/intelfpga_lite/17.0/nios2eds/bin/gnu/h-x86_64-mingw32/bin/../lib/gcc/nios2-elf/5.3.0/../../../../../H-x86_64-mingw32/nios2-elf/lib\libc.a(lib_a-mprec.o)
                0x000000000000fdd0                __any_on
 .text          0x000000000000fe5c        0x0 c:/intelfpga_lite/17.0/nios2eds/bin/gnu/h-x86_64-mingw32/bin/../lib/gcc/nios2-elf/5.3.0/../../../../../H-x86_64-mingw32/nios2-elf/lib\libc.a(lib_a-reallocr.o)
 .text._realloc_r
                0x000000000000fe5c      0x564 c:/intelfpga_lite/17.0/nios2eds/bin/gnu/h-x86_64-mingw32/bin/../lib/gcc/nios2-elf/5.3.0/../../../../../H-x86_64-mingw32/nios2-elf/lib\libc.a(lib_a-reallocr.o)
                0x000000000000fe5c                _realloc_r
 .text          0x00000000000103c0        0x0 c:/intelfpga_lite/17.0/nios2eds/bin/gnu/h-x86_64-mingw32/bin/../lib/gcc/nios2-elf/5.3.0/../../../../../H-x86_64-mingw32/nios2-elf/lib\libc.a(lib_a-s_fpclassify.o)
 .text.__fpclassifyd
                0x00000000000103c0       0x74 c:/intelfpga_lite/17.0/nios2eds/bin/gnu/h-x86_64-mingw32/bin/../lib/gcc/nios2-elf/5.3.0/../../../../../H-x86_64-mingw32/nios2-elf/lib\libc.a(lib_a-s_fpclassify.o)
                0x00000000000103c0                __fpclassifyd
 .text          0x0000000000010434        0x0 c:/intelfpga_lite/17.0/nios2eds/bin/gnu/h-x86_64-mingw32/bin/../lib/gcc/nios2-elf/5.3.0/../../../../../H-x86_64-mingw32/nios2-elf/lib\libc.a(lib_a-stdio.o)
 .text.__sread  0x0000000000010434       0x54 c:/intelfpga_lite/17.0/nios2eds/bin/gnu/h-x86_64-mingw32/bin/../lib/gcc/nios2-elf/5.3.0/../../../../../H-x86_64-mingw32/nios2-elf/lib\libc.a(lib_a-stdio.o)
                0x0000000000010434                __sread
 .text.__seofread
                0x0000000000010488        0x8 c:/intelfpga_lite/17.0/nios2eds/bin/gnu/h-x86_64-mingw32/bin/../lib/gcc/nios2-elf/5.3.0/../../../../../H-x86_64-mingw32/nios2-elf/lib\libc.a(lib_a-stdio.o)
                0x0000000000010488                __seofread
 .text.__swrite
                0x0000000000010490       0x7c c:/intelfpga_lite/17.0/nios2eds/bin/gnu/h-x86_64-mingw32/bin/../lib/gcc/nios2-elf/5.3.0/../../../../../H-x86_64-mingw32/nios2-elf/lib\libc.a(lib_a-stdio.o)
                0x0000000000010490                __swrite
 .text.__sseek  0x000000000001050c       0x5c c:/intelfpga_lite/17.0/nios2eds/bin/gnu/h-x86_64-mingw32/bin/../lib/gcc/nios2-elf/5.3.0/../../../../../H-x86_64-mingw32/nios2-elf/lib\libc.a(lib_a-stdio.o)
                0x000000000001050c                __sseek
 .text.__sclose
                0x0000000000010568        0x8 c:/intelfpga_lite/17.0/nios2eds/bin/gnu/h-x86_64-mingw32/bin/../lib/gcc/nios2-elf/5.3.0/../../../../../H-x86_64-mingw32/nios2-elf/lib\libc.a(lib_a-stdio.o)
                0x0000000000010568                __sclose
 .text          0x0000000000010570        0x0 c:/intelfpga_lite/17.0/nios2eds/bin/gnu/h-x86_64-mingw32/bin/../lib/gcc/nios2-elf/5.3.0/../../../../../H-x86_64-mingw32/nios2-elf/lib\libc.a(lib_a-strcmp.o)
 .text.strcmp   0x0000000000010570       0xdc c:/intelfpga_lite/17.0/nios2eds/bin/gnu/h-x86_64-mingw32/bin/../lib/gcc/nios2-elf/5.3.0/../../../../../H-x86_64-mingw32/nios2-elf/lib\libc.a(lib_a-strcmp.o)
                0x0000000000010570                strcmp
 .text          0x000000000001064c        0x0 c:/intelfpga_lite/17.0/nios2eds/bin/gnu/h-x86_64-mingw32/bin/../lib/gcc/nios2-elf/5.3.0/../../../../../H-x86_64-mingw32/nios2-elf/lib\libc.a(lib_a-vfiprintf.o)
 .text.__sprint_r.part.0
                0x000000000001064c       0xfc c:/intelfpga_lite/17.0/nios2eds/bin/gnu/h-x86_64-mingw32/bin/../lib/gcc/nios2-elf/5.3.0/../../../../../H-x86_64-mingw32/nios2-elf/lib\libc.a(lib_a-vfiprintf.o)
 .text.__sprint_r
                0x0000000000010748       0x18 c:/intelfpga_lite/17.0/nios2eds/bin/gnu/h-x86_64-mingw32/bin/../lib/gcc/nios2-elf/5.3.0/../../../../../H-x86_64-mingw32/nios2-elf/lib\libc.a(lib_a-vfiprintf.o)
                0x0000000000010748                __sprint_r
 .text.___vfiprintf_internal_r
                0x0000000000010760     0x145c c:/intelfpga_lite/17.0/nios2eds/bin/gnu/h-x86_64-mingw32/bin/../lib/gcc/nios2-elf/5.3.0/../../../../../H-x86_64-mingw32/nios2-elf/lib\libc.a(lib_a-vfiprintf.o)
                0x0000000000010760                ___vfiprintf_internal_r
 .text.__vfiprintf_internal
                0x0000000000011bbc       0x1c c:/intelfpga_lite/17.0/nios2eds/bin/gnu/h-x86_64-mingw32/bin/../lib/gcc/nios2-elf/5.3.0/../../../../../H-x86_64-mingw32/nios2-elf/lib\libc.a(lib_a-vfiprintf.o)
                0x0000000000011bbc                __vfiprintf_internal
 .text.__sbprintf
                0x0000000000011bd8       0xbc c:/intelfpga_lite/17.0/nios2eds/bin/gnu/h-x86_64-mingw32/bin/../lib/gcc/nios2-elf/5.3.0/../../../../../H-x86_64-mingw32/nios2-elf/lib\libc.a(lib_a-vfiprintf.o)
 .text          0x0000000000011c94        0x0 c:/intelfpga_lite/17.0/nios2eds/bin/gnu/h-x86_64-mingw32/bin/../lib/gcc/nios2-elf/5.3.0/../../../../../H-x86_64-mingw32/nios2-elf/lib\libc.a(lib_a-writer.o)
 .text._write_r
                0x0000000000011c94       0x60 c:/intelfpga_lite/17.0/nios2eds/bin/gnu/h-x86_64-mingw32/bin/../lib/gcc/nios2-elf/5.3.0/../../../../../H-x86_64-mingw32/nios2-elf/lib\libc.a(lib_a-writer.o)
                0x0000000000011c94                _write_r
 .text          0x0000000000011cf4        0x0 c:/intelfpga_lite/17.0/nios2eds/bin/gnu/h-x86_64-mingw32/bin/../lib/gcc/nios2-elf/5.3.0/../../../../../H-x86_64-mingw32/nios2-elf/lib\libc.a(closer.o)
 .text._close_r
                0x0000000000011cf4       0x54 c:/intelfpga_lite/17.0/nios2eds/bin/gnu/h-x86_64-mingw32/bin/../lib/gcc/nios2-elf/5.3.0/../../../../../H-x86_64-mingw32/nios2-elf/lib\libc.a(closer.o)
                0x0000000000011cf4                _close_r
 .text          0x0000000000011d48        0x0 c:/intelfpga_lite/17.0/nios2eds/bin/gnu/h-x86_64-mingw32/bin/../lib/gcc/nios2-elf/5.3.0/../../../../../H-x86_64-mingw32/nios2-elf/lib\libc.a(lib_a-callocr.o)
 .text._calloc_r
                0x0000000000011d48       0xc4 c:/intelfpga_lite/17.0/nios2eds/bin/gnu/h-x86_64-mingw32/bin/../lib/gcc/nios2-elf/5.3.0/../../../../../H-x86_64-mingw32/nios2-elf/lib\libc.a(lib_a-callocr.o)
                0x0000000000011d48                _calloc_r
 .text          0x0000000000011e0c        0x0 c:/intelfpga_lite/17.0/nios2eds/bin/gnu/h-x86_64-mingw32/bin/../lib/gcc/nios2-elf/5.3.0/../../../../../H-x86_64-mingw32/nios2-elf/lib\libc.a(lib_a-fclose.o)
 .text._fclose_r
                0x0000000000011e0c       0xf0 c:/intelfpga_lite/17.0/nios2eds/bin/gnu/h-x86_64-mingw32/bin/../lib/gcc/nios2-elf/5.3.0/../../../../../H-x86_64-mingw32/nios2-elf/lib\libc.a(lib_a-fclose.o)
                0x0000000000011e0c                _fclose_r
 .text.fclose   0x0000000000011efc       0x14 c:/intelfpga_lite/17.0/nios2eds/bin/gnu/h-x86_64-mingw32/bin/../lib/gcc/nios2-elf/5.3.0/../../../../../H-x86_64-mingw32/nios2-elf/lib\libc.a(lib_a-fclose.o)
                0x0000000000011efc                fclose
 .text          0x0000000000011f10        0x0 c:/intelfpga_lite/17.0/nios2eds/bin/gnu/h-x86_64-mingw32/bin/../lib/gcc/nios2-elf/5.3.0/../../../../../H-x86_64-mingw32/nios2-elf/lib\libc.a(lib_a-fputwc.o)
 .text.__fputwc
                0x0000000000011f10      0x164 c:/intelfpga_lite/17.0/nios2eds/bin/gnu/h-x86_64-mingw32/bin/../lib/gcc/nios2-elf/5.3.0/../../../../../H-x86_64-mingw32/nios2-elf/lib\libc.a(lib_a-fputwc.o)
                0x0000000000011f10                __fputwc
 .text._fputwc_r
                0x0000000000012074       0x24 c:/intelfpga_lite/17.0/nios2eds/bin/gnu/h-x86_64-mingw32/bin/../lib/gcc/nios2-elf/5.3.0/../../../../../H-x86_64-mingw32/nios2-elf/lib\libc.a(lib_a-fputwc.o)
                0x0000000000012074                _fputwc_r
 .text.fputwc   0x0000000000012098       0x80 c:/intelfpga_lite/17.0/nios2eds/bin/gnu/h-x86_64-mingw32/bin/../lib/gcc/nios2-elf/5.3.0/../../../../../H-x86_64-mingw32/nios2-elf/lib\libc.a(lib_a-fputwc.o)
                0x0000000000012098                fputwc
 .text          0x0000000000012118        0x0 c:/intelfpga_lite/17.0/nios2eds/bin/gnu/h-x86_64-mingw32/bin/../lib/gcc/nios2-elf/5.3.0/../../../../../H-x86_64-mingw32/nios2-elf/lib\libc.a(lib_a-fstatr.o)
 .text._fstat_r
                0x0000000000012118       0x5c c:/intelfpga_lite/17.0/nios2eds/bin/gnu/h-x86_64-mingw32/bin/../lib/gcc/nios2-elf/5.3.0/../../../../../H-x86_64-mingw32/nios2-elf/lib\libc.a(lib_a-fstatr.o)
                0x0000000000012118                _fstat_r
 .text          0x0000000000012174        0x0 c:/intelfpga_lite/17.0/nios2eds/bin/gnu/h-x86_64-mingw32/bin/../lib/gcc/nios2-elf/5.3.0/../../../../../H-x86_64-mingw32/nios2-elf/lib\libc.a(lib_a-isattyr.o)
 .text._isatty_r
                0x0000000000012174       0x54 c:/intelfpga_lite/17.0/nios2eds/bin/gnu/h-x86_64-mingw32/bin/../lib/gcc/nios2-elf/5.3.0/../../../../../H-x86_64-mingw32/nios2-elf/lib\libc.a(lib_a-isattyr.o)
                0x0000000000012174                _isatty_r
 .text          0x00000000000121c8        0x0 c:/intelfpga_lite/17.0/nios2eds/bin/gnu/h-x86_64-mingw32/bin/../lib/gcc/nios2-elf/5.3.0/../../../../../H-x86_64-mingw32/nios2-elf/lib\libc.a(lib_a-lseekr.o)
 .text._lseek_r
                0x00000000000121c8       0x60 c:/intelfpga_lite/17.0/nios2eds/bin/gnu/h-x86_64-mingw32/bin/../lib/gcc/nios2-elf/5.3.0/../../../../../H-x86_64-mingw32/nios2-elf/lib\libc.a(lib_a-lseekr.o)
                0x00000000000121c8                _lseek_r
 .text          0x0000000000012228        0x0 c:/intelfpga_lite/17.0/nios2eds/bin/gnu/h-x86_64-mingw32/bin/../lib/gcc/nios2-elf/5.3.0/../../../../../H-x86_64-mingw32/nios2-elf/lib\libc.a(lib_a-readr.o)
 .text._read_r  0x0000000000012228       0x60 c:/intelfpga_lite/17.0/nios2eds/bin/gnu/h-x86_64-mingw32/bin/../lib/gcc/nios2-elf/5.3.0/../../../../../H-x86_64-mingw32/nios2-elf/lib\libc.a(lib_a-readr.o)
                0x0000000000012228                _read_r
 .text          0x0000000000012288        0x0 c:/intelfpga_lite/17.0/nios2eds/bin/gnu/h-x86_64-mingw32/bin/../lib/gcc/nios2-elf/5.3.0/../../../../../H-x86_64-mingw32/nios2-elf/lib\libc.a(lib_a-wcrtomb.o)
 .text._wcrtomb_r
                0x0000000000012288       0x9c c:/intelfpga_lite/17.0/nios2eds/bin/gnu/h-x86_64-mingw32/bin/../lib/gcc/nios2-elf/5.3.0/../../../../../H-x86_64-mingw32/nios2-elf/lib\libc.a(lib_a-wcrtomb.o)
                0x0000000000012288                _wcrtomb_r
 .text.wcrtomb  0x0000000000012324       0xc0 c:/intelfpga_lite/17.0/nios2eds/bin/gnu/h-x86_64-mingw32/bin/../lib/gcc/nios2-elf/5.3.0/../../../../../H-x86_64-mingw32/nios2-elf/lib\libc.a(lib_a-wcrtomb.o)
                0x0000000000012324                wcrtomb
 .text          0x00000000000123e4        0x0 c:/intelfpga_lite/17.0/nios2eds/bin/gnu/h-x86_64-mingw32/bin/../lib/gcc/nios2-elf/5.3.0/../../../../../H-x86_64-mingw32/nios2-elf/lib\libc.a(lib_a-wctomb_r.o)
 .text.__ascii_wctomb
                0x00000000000123e4       0x30 c:/intelfpga_lite/17.0/nios2eds/bin/gnu/h-x86_64-mingw32/bin/../lib/gcc/nios2-elf/5.3.0/../../../../../H-x86_64-mingw32/nios2-elf/lib\libc.a(lib_a-wctomb_r.o)
                0x00000000000123e4                __ascii_wctomb
 .text._wctomb_r
                0x0000000000012414       0x5c c:/intelfpga_lite/17.0/nios2eds/bin/gnu/h-x86_64-mingw32/bin/../lib/gcc/nios2-elf/5.3.0/../../../../../H-x86_64-mingw32/nios2-elf/lib\libc.a(lib_a-wctomb_r.o)
                0x0000000000012414                _wctomb_r
 .text          0x0000000000012470      0x578 c:/intelfpga_lite/17.0/nios2eds/bin/gnu/h-x86_64-mingw32/bin/../lib/gcc/nios2-elf/5.3.0\libgcc.a(_udivdi3.o)
                0x0000000000012470                __udivdi3
 .text          0x00000000000129e8      0x538 c:/intelfpga_lite/17.0/nios2eds/bin/gnu/h-x86_64-mingw32/bin/../lib/gcc/nios2-elf/5.3.0\libgcc.a(_umoddi3.o)
                0x00000000000129e8                __umoddi3
 .text          0x0000000000012f20      0x8ac c:/intelfpga_lite/17.0/nios2eds/bin/gnu/h-x86_64-mingw32/bin/../lib/gcc/nios2-elf/5.3.0\libgcc.a(adddf3.o)
                0x0000000000012f20                __adddf3
 .text          0x00000000000137cc      0x8e8 c:/intelfpga_lite/17.0/nios2eds/bin/gnu/h-x86_64-mingw32/bin/../lib/gcc/nios2-elf/5.3.0\libgcc.a(divdf3.o)
                0x00000000000137cc                __divdf3
 .text          0x00000000000140b4       0x88 c:/intelfpga_lite/17.0/nios2eds/bin/gnu/h-x86_64-mingw32/bin/../lib/gcc/nios2-elf/5.3.0\libgcc.a(eqdf2.o)
                0x00000000000140b4                __nedf2
                0x00000000000140b4                __eqdf2
 .text          0x000000000001413c       0xdc c:/intelfpga_lite/17.0/nios2eds/bin/gnu/h-x86_64-mingw32/bin/../lib/gcc/nios2-elf/5.3.0\libgcc.a(gedf2.o)
                0x000000000001413c                __gedf2
                0x000000000001413c                __gtdf2
 .text          0x0000000000014218       0xf4 c:/intelfpga_lite/17.0/nios2eds/bin/gnu/h-x86_64-mingw32/bin/../lib/gcc/nios2-elf/5.3.0\libgcc.a(ledf2.o)
                0x0000000000014218                __ledf2
                0x0000000000014218                __ltdf2
 .text          0x000000000001430c      0x718 c:/intelfpga_lite/17.0/nios2eds/bin/gnu/h-x86_64-mingw32/bin/../lib/gcc/nios2-elf/5.3.0\libgcc.a(muldf3.o)
                0x000000000001430c                __muldf3
 .text          0x0000000000014a24      0x8fc c:/intelfpga_lite/17.0/nios2eds/bin/gnu/h-x86_64-mingw32/bin/../lib/gcc/nios2-elf/5.3.0\libgcc.a(subdf3.o)
                0x0000000000014a24                __subdf3
 .text          0x0000000000015320       0x80 c:/intelfpga_lite/17.0/nios2eds/bin/gnu/h-x86_64-mingw32/bin/../lib/gcc/nios2-elf/5.3.0\libgcc.a(fixdfsi.o)
                0x0000000000015320                __fixdfsi
 .text          0x00000000000153a0       0xdc c:/intelfpga_lite/17.0/nios2eds/bin/gnu/h-x86_64-mingw32/bin/../lib/gcc/nios2-elf/5.3.0\libgcc.a(floatsidf.o)
                0x00000000000153a0                __floatsidf
 .text          0x000000000001547c       0xa8 c:/intelfpga_lite/17.0/nios2eds/bin/gnu/h-x86_64-mingw32/bin/../lib/gcc/nios2-elf/5.3.0\libgcc.a(floatunsidf.o)
                0x000000000001547c                __floatunsidf
 .text          0x0000000000015524        0x0 c:/intelfpga_lite/17.0/nios2eds/bin/gnu/h-x86_64-mingw32/bin/../lib/gcc/nios2-elf/5.3.0\libgcc.a(_clz.o)
 .text          0x0000000000015524       0x64 c:/intelfpga_lite/17.0/nios2eds/bin/gnu/h-x86_64-mingw32/bin/../lib/gcc/nios2-elf/5.3.0\libgcc.a(_clzsi2.o)
                0x0000000000015524                __clzsi2
 .text          0x0000000000015588      0x10c ../test_bsp/\libhal_bsp.a(alt_close.o)
                0x00000000000155c4                close
 .text          0x0000000000015694       0x2c ../test_bsp/\libhal_bsp.a(alt_dev.o)
 .text          0x00000000000156c0        0x0 ../test_bsp/\libhal_bsp.a(alt_errno.o)
 .text          0x00000000000156c0       0xec ../test_bsp/\libhal_bsp.a(alt_fstat.o)
                0x00000000000156fc                fstat
 .text          0x00000000000157ac      0x180 ../test_bsp/\libhal_bsp.a(alt_irq_register.o)
                0x00000000000157ac                alt_irq_register
 .text          0x000000000001592c        0x0 ../test_bsp/\libhal_bsp.a(alt_irq_vars.o)
 .text          0x000000000001592c       0xe0 ../test_bsp/\libhal_bsp.a(alt_isatty.o)
                0x0000000000015968                isatty
 .text          0x0000000000015a0c       0xec ../test_bsp/\libhal_bsp.a(alt_load.o)
                0x0000000000015a74                alt_load
 .text          0x0000000000015af8      0x110 ../test_bsp/\libhal_bsp.a(alt_lseek.o)
                0x0000000000015b34                lseek
 .text          0x0000000000015c08       0x7c ../test_bsp/\libhal_bsp.a(alt_main.o)
                0x0000000000015c08                alt_main
 .text          0x0000000000015c84       0x48 ../test_bsp/\libhal_bsp.a(alt_malloc_lock.o)
                0x0000000000015c84                __malloc_lock
                0x0000000000015ca8                __malloc_unlock
 .text          0x0000000000015ccc      0x138 ../test_bsp/\libhal_bsp.a(alt_read.o)
                0x0000000000015d08                read
 .text          0x0000000000015e04       0x64 ../test_bsp/\libhal_bsp.a(alt_release_fd.o)
                0x0000000000015e04                alt_release_fd
 .text          0x0000000000015e68       0x34 ../test_bsp/\libhal_bsp.a(alt_remap_cached.o)
                0x0000000000015e68                alt_remap_cached
 .text          0x0000000000015e9c       0x28 ../test_bsp/\libhal_bsp.a(alt_remap_uncached.o)
                0x0000000000015e9c                alt_remap_uncached
 .text          0x0000000000015ec4       0xb0 ../test_bsp/\libhal_bsp.a(alt_sbrk.o)
                0x0000000000015ec4                sbrk
 .text          0x0000000000015f74      0x1a4 ../test_bsp/\libhal_bsp.a(alt_tick.o)
                0x0000000000015f74                alt_alarm_stop
                0x0000000000016010                alt_tick
 .text          0x0000000000016118       0x78 ../test_bsp/\libhal_bsp.a(alt_uncached_malloc.o)
                0x0000000000016118                alt_uncached_malloc
 .text          0x0000000000016190       0x30 ../test_bsp/\libhal_bsp.a(alt_usleep.o)
                0x0000000000016190                usleep
 .text          0x00000000000161c0      0x134 ../test_bsp/\libhal_bsp.a(alt_write.o)
                0x00000000000161fc                write
 .text          0x00000000000162f4       0xfc ../test_bsp/\libhal_bsp.a(alt_sys_init.o)
                0x0000000000016328                alt_irq_init
                0x0000000000016360                alt_sys_init
 .text          0x00000000000163f0      0x164 ../test_bsp/\libhal_bsp.a(altera_avalon_jtag_uart_fd.o)
                0x00000000000163f0                altera_avalon_jtag_uart_read_fd
                0x0000000000016450                altera_avalon_jtag_uart_write_fd
                0x00000000000164b0                altera_avalon_jtag_uart_close_fd
                0x0000000000016500                altera_avalon_jtag_uart_ioctl_fd
 .text          0x0000000000016554      0x3d4 ../test_bsp/\libhal_bsp.a(altera_avalon_jtag_uart_init.o)
                0x0000000000016554                altera_avalon_jtag_uart_init
                0x00000000000168c0                altera_avalon_jtag_uart_close
 .text          0x0000000000016928       0xf0 ../test_bsp/\libhal_bsp.a(altera_avalon_jtag_uart_ioctl.o)
                0x0000000000016928                altera_avalon_jtag_uart_ioctl
 .text          0x0000000000016a18      0x21c ../test_bsp/\libhal_bsp.a(altera_avalon_jtag_uart_read.o)
                0x0000000000016a18                altera_avalon_jtag_uart_read
 .text          0x0000000000016c34      0x224 ../test_bsp/\libhal_bsp.a(altera_avalon_jtag_uart_write.o)
                0x0000000000016c34                altera_avalon_jtag_uart_write
 .text          0x0000000000016e58      0xe7c ../test_bsp/\libhal_bsp.a(altera_avalon_lcd_16207.o)
                0x000000000001761c                altera_avalon_lcd_16207_write
                0x0000000000017ba0                altera_avalon_lcd_16207_init
 .text          0x0000000000017cd4       0x60 ../test_bsp/\libhal_bsp.a(altera_avalon_lcd_16207_fd.o)
                0x0000000000017cd4                altera_avalon_lcd_16207_write_fd
 .text          0x0000000000017d34      0xd94 ../test_bsp/\libhal_bsp.a(altera_avalon_sgdma.o)
                0x0000000000017d70                alt_avalon_sgdma_do_async_transfer
                0x0000000000017e94                alt_avalon_sgdma_do_sync_transfer
                0x0000000000017fa4                alt_avalon_sgdma_construct_mem_to_mem_desc
                0x0000000000018018                alt_avalon_sgdma_construct_mem_to_mem_desc_burst
                0x000000000001809c                alt_avalon_sgdma_construct_stream_to_mem_desc
                0x00000000000180fc                alt_avalon_sgdma_construct_stream_to_mem_desc_burst
                0x0000000000018174                alt_avalon_sgdma_construct_mem_to_stream_desc
                0x00000000000181f4                alt_avalon_sgdma_construct_mem_to_stream_desc_burst
                0x0000000000018280                alt_avalon_sgdma_register_callback
                0x00000000000182d4                alt_avalon_sgdma_start
                0x000000000001832c                alt_avalon_sgdma_stop
                0x0000000000018388                alt_avalon_sgdma_check_descriptor_status
                0x00000000000183ec                alt_avalon_sgdma_open
                0x0000000000018440                alt_avalon_sgdma_construct_descriptor
                0x00000000000184cc                alt_avalon_sgdma_enable_desc_poll
                0x000000000001854c                alt_avalon_sgdma_disable_desc_poll
                0x00000000000185ac                alt_avalon_sgdma_construct_descriptor_burst
                0x0000000000018a20                alt_avalon_sgdma_init
 .text          0x0000000000018ac8       0xf4 ../test_bsp/\libhal_bsp.a(altera_avalon_timer_sc.o)
                0x0000000000018b40                alt_avalon_timer_sc_init
 .text          0x0000000000018bbc      0x12c ../test_bsp/\libhal_bsp.a(alt_alarm_start.o)
                0x0000000000018bbc                alt_alarm_start
 .text          0x0000000000018ce8      0x158 ../test_bsp/\libhal_bsp.a(alt_busy_sleep.o)
                0x0000000000018ce8                alt_busy_sleep
 .text          0x0000000000018e40       0x78 ../test_bsp/\libhal_bsp.a(alt_dcache_flush.o)
                0x0000000000018e40                alt_dcache_flush
 .text          0x0000000000018eb8       0x48 ../test_bsp/\libhal_bsp.a(alt_dcache_flush_all.o)
                0x0000000000018eb8                alt_dcache_flush_all
 .text          0x0000000000018f00       0xe0 ../test_bsp/\libhal_bsp.a(alt_dev_llist_insert.o)
                0x0000000000018f3c                alt_dev_llist_insert
 .text          0x0000000000018fe0       0x60 ../test_bsp/\libhal_bsp.a(alt_do_ctors.o)
                0x0000000000018fe0                _do_ctors
 .text          0x0000000000019040       0x60 ../test_bsp/\libhal_bsp.a(alt_do_dtors.o)
                0x0000000000019040                _do_dtors
 .text          0x00000000000190a0       0x90 ../test_bsp/\libhal_bsp.a(alt_find_dev.o)
                0x00000000000190a0                alt_find_dev
 .text          0x0000000000019130       0x34 ../test_bsp/\libhal_bsp.a(alt_icache_flush_all.o)
                0x0000000000019130                alt_icache_flush_all
 .text          0x0000000000019164      0x1b0 ../test_bsp/\libhal_bsp.a(alt_iic.o)
                0x0000000000019164                alt_ic_isr_register
                0x00000000000191b4                alt_ic_irq_enable
                0x000000000001923c                alt_ic_irq_disable
                0x00000000000192c8                alt_ic_irq_enabled
 .text          0x0000000000019314       0xf0 ../test_bsp/\libhal_bsp.a(alt_iic_isr_register.o)
                0x0000000000019314                alt_iic_isr_register
 .text          0x0000000000019404      0x140 ../test_bsp/\libhal_bsp.a(alt_io_redirect.o)
                0x00000000000194c8                alt_io_redirect
 .text          0x0000000000019544        0x0 ../test_bsp/\libhal_bsp.a(alt_irq_entry.o)
 .text          0x0000000000019544        0x0 ../test_bsp/\libhal_bsp.a(alt_irq_handler.o)
 .text          0x0000000000019544      0x254 ../test_bsp/\libhal_bsp.a(alt_open.o)
                0x0000000000019644                open
 .text          0x0000000000019798       0x24 ../test_bsp/\libhal_bsp.a(altera_nios2_gen2_irq.o)
                0x0000000000019798                altera_nios2_gen2_irq_init
 .text          0x00000000000197bc        0x0 ../test_bsp/\libhal_bsp.a(alt_exception_entry.o)
 .text          0x00000000000197bc      0x108 ../test_bsp/\libhal_bsp.a(alt_find_file.o)
                0x00000000000197bc                alt_find_file
 .text          0x00000000000198c4       0xa4 ../test_bsp/\libhal_bsp.a(alt_get_fd.o)
                0x00000000000198c4                alt_get_fd
 .text          0x0000000000019968       0x90 ../test_bsp/\libhal_bsp.a(alt_icache_flush.o)
                0x0000000000019968                alt_icache_flush
 .text          0x00000000000199f8       0x9c ../test_bsp/\libhal_bsp.a(alt_instruction_exception_entry.o)
                0x00000000000199f8                alt_exception_cause_generated_bad_addr
 .text          0x0000000000019a94        0x0 c:/intelfpga_lite/17.0/nios2eds/bin/gnu/h-x86_64-mingw32/bin/../lib/gcc/nios2-elf/5.3.0/../../../../../H-x86_64-mingw32/nios2-elf/lib\libc.a(lib_a-atexit.o)
 .text.atexit   0x0000000000019a94       0x14 c:/intelfpga_lite/17.0/nios2eds/bin/gnu/h-x86_64-mingw32/bin/../lib/gcc/nios2-elf/5.3.0/../../../../../H-x86_64-mingw32/nios2-elf/lib\libc.a(lib_a-atexit.o)
                0x0000000000019a94                atexit
 .text          0x0000000000019aa8        0x0 c:/intelfpga_lite/17.0/nios2eds/bin/gnu/h-x86_64-mingw32/bin/../lib/gcc/nios2-elf/5.3.0/../../../../../H-x86_64-mingw32/nios2-elf/lib\libc.a(lib_a-ctype_.o)
 .text          0x0000000000019aa8        0x0 c:/intelfpga_lite/17.0/nios2eds/bin/gnu/h-x86_64-mingw32/bin/../lib/gcc/nios2-elf/5.3.0/../../../../../H-x86_64-mingw32/nios2-elf/lib\libc.a(lib_a-exit.o)
 .text.exit     0x0000000000019aa8       0x38 c:/intelfpga_lite/17.0/nios2eds/bin/gnu/h-x86_64-mingw32/bin/../lib/gcc/nios2-elf/5.3.0/../../../../../H-x86_64-mingw32/nios2-elf/lib\libc.a(lib_a-exit.o)
                0x0000000000019aa8                exit
 .text          0x0000000000019ae0        0x0 c:/intelfpga_lite/17.0/nios2eds/bin/gnu/h-x86_64-mingw32/bin/../lib/gcc/nios2-elf/5.3.0/../../../../../H-x86_64-mingw32/nios2-elf/lib\libc.a(lib_a-memcmp.o)
 .text.memcmp   0x0000000000019ae0       0x7c c:/intelfpga_lite/17.0/nios2eds/bin/gnu/h-x86_64-mingw32/bin/../lib/gcc/nios2-elf/5.3.0/../../../../../H-x86_64-mingw32/nios2-elf/lib\libc.a(lib_a-memcmp.o)
                0x0000000000019ae0                memcmp
 .text          0x0000000000019b5c        0x0 c:/intelfpga_lite/17.0/nios2eds/bin/gnu/h-x86_64-mingw32/bin/../lib/gcc/nios2-elf/5.3.0/../../../../../H-x86_64-mingw32/nios2-elf/lib\libc.a(lib_a-__atexit.o)
 .text.__register_exitproc
                0x0000000000019b5c      0x118 c:/intelfpga_lite/17.0/nios2eds/bin/gnu/h-x86_64-mingw32/bin/../lib/gcc/nios2-elf/5.3.0/../../../../../H-x86_64-mingw32/nios2-elf/lib\libc.a(lib_a-__atexit.o)
                0x0000000000019b5c                __register_exitproc
 .text          0x0000000000019c74        0x0 c:/intelfpga_lite/17.0/nios2eds/bin/gnu/h-x86_64-mingw32/bin/../lib/gcc/nios2-elf/5.3.0/../../../../../H-x86_64-mingw32/nios2-elf/lib\libc.a(lib_a-__call_atexit.o)
 .text.__call_exitprocs
                0x0000000000019c74      0x180 c:/intelfpga_lite/17.0/nios2eds/bin/gnu/h-x86_64-mingw32/bin/../lib/gcc/nios2-elf/5.3.0/../../../../../H-x86_64-mingw32/nios2-elf/lib\libc.a(lib_a-__call_atexit.o)
                0x0000000000019c74                __call_exitprocs
 .text          0x0000000000019df4       0x34 ../test_bsp/\libhal_bsp.a(alt_exit.o)
                0x0000000000019df4                _exit
 *(.gnu.warning.*)
 *(.fini)
                [!provide]                        PROVIDE (__etext, ABSOLUTE (.))
                [!provide]                        PROVIDE (_etext, ABSOLUTE (.))
                [!provide]                        PROVIDE (etext, ABSOLUTE (.))
 *(.eh_frame_hdr)
                0x0000000000019e28                . = ALIGN (0x4)
                [!provide]                        PROVIDE (__preinit_array_start, ABSOLUTE (.))
 *(.preinit_array)
                [!provide]                        PROVIDE (__preinit_array_end, ABSOLUTE (.))
                [!provide]                        PROVIDE (__init_array_start, ABSOLUTE (.))
 *(.init_array)
                [!provide]                        PROVIDE (__init_array_end, ABSOLUTE (.))
                [!provide]                        PROVIDE (__fini_array_start, ABSOLUTE (.))
 *(.fini_array)
                [!provide]                        PROVIDE (__fini_array_end, ABSOLUTE (.))
 *(.eh_frame)
 *(.gcc_except_table .gcc_except_table.*)
 *(.dynamic)
                0x0000000000019e28                PROVIDE (__CTOR_LIST__, ABSOLUTE (.))
 *(.ctors)
 *(SORT(.ctors.*))
                0x0000000000019e28                PROVIDE (__CTOR_END__, ABSOLUTE (.))
                0x0000000000019e28                PROVIDE (__DTOR_LIST__, ABSOLUTE (.))
 *(.dtors)
 *(SORT(.dtors.*))
                0x0000000000019e28                PROVIDE (__DTOR_END__, ABSOLUTE (.))
 *(.jcr)
                0x0000000000019e28                . = ALIGN (0x4)

.rodata         0x0000000000019e28    0x1a5f4
                0x0000000000019e28                PROVIDE (__ram_rodata_start, ABSOLUTE (.))
                0x0000000000019e28                . = ALIGN (0x4)
 *(.rodata .rodata.* .gnu.linkonce.r.*)
 .rodata        0x0000000000019e28     0x77f2 obj/default/Fonts/tahomabold_20.o
 .rodata        0x000000000002161a    0x12520 obj/default/Fonts/tahomabold_32.o
 *fill*         0x0000000000033b3a        0x2 
 .rodata        0x0000000000033b3c        0x6 obj/default/chap_9.o
 *fill*         0x0000000000033b42        0x2 
 .rodata        0x0000000000033b44      0x172 obj/default/drv.o
 *fill*         0x0000000000033cb6        0x2 
 .rodata        0x0000000000033cb8      0x159 obj/default/hal.o
 *fill*         0x0000000000033e11        0x3 
 .rodata        0x0000000000033e14       0x1a obj/default/isr.o
 *fill*         0x0000000000033e2e        0x2 
 .rodata        0x0000000000033e30       0x56 obj/default/main.o
 *fill*         0x0000000000033e86        0x2 
 .rodata.str1.4
                0x0000000000033e88        0x2 c:/intelfpga_lite/17.0/nios2eds/bin/gnu/h-x86_64-mingw32/bin/../lib/gcc/nios2-elf/5.3.0/../../../../../H-x86_64-mingw32/nios2-elf/lib\libc.a(lib_a-impure.o)
 *fill*         0x0000000000033e8a        0x2 
 .rodata.str1.4
                0x0000000000033e8c        0x2 c:/intelfpga_lite/17.0/nios2eds/bin/gnu/h-x86_64-mingw32/bin/../lib/gcc/nios2-elf/5.3.0/../../../../../H-x86_64-mingw32/nios2-elf/lib\libc.a(lib_a-puts.o)
 *fill*         0x0000000000033e8e        0x2 
 .rodata.str1.4
                0x0000000000033e90       0x42 c:/intelfpga_lite/17.0/nios2eds/bin/gnu/h-x86_64-mingw32/bin/../lib/gcc/nios2-elf/5.3.0/../../../../../H-x86_64-mingw32/nios2-elf/lib\libc.a(lib_a-vfprintf.o)
 .rodata.zeroes.4404
                0x0000000000033ed2       0x10 c:/intelfpga_lite/17.0/nios2eds/bin/gnu/h-x86_64-mingw32/bin/../lib/gcc/nios2-elf/5.3.0/../../../../../H-x86_64-mingw32/nios2-elf/lib\libc.a(lib_a-vfprintf.o)
 .rodata.blanks.4403
                0x0000000000033ee2       0x10 c:/intelfpga_lite/17.0/nios2eds/bin/gnu/h-x86_64-mingw32/bin/../lib/gcc/nios2-elf/5.3.0/../../../../../H-x86_64-mingw32/nios2-elf/lib\libc.a(lib_a-vfprintf.o)
 *fill*         0x0000000000033ef2        0x2 
 .rodata.str1.4
                0x0000000000033ef4       0x10 c:/intelfpga_lite/17.0/nios2eds/bin/gnu/h-x86_64-mingw32/bin/../lib/gcc/nios2-elf/5.3.0/../../../../../H-x86_64-mingw32/nios2-elf/lib\libc.a(lib_a-dtoa.o)
                                         0x12 (size before relaxing)
 .rodata.str1.4
                0x0000000000033f04        0xc c:/intelfpga_lite/17.0/nios2eds/bin/gnu/h-x86_64-mingw32/bin/../lib/gcc/nios2-elf/5.3.0/../../../../../H-x86_64-mingw32/nios2-elf/lib\libc.a(lib_a-locale.o)
                                         0x12 (size before relaxing)
 .rodata.p05.2768
                0x0000000000033f10        0xc c:/intelfpga_lite/17.0/nios2eds/bin/gnu/h-x86_64-mingw32/bin/../lib/gcc/nios2-elf/5.3.0/../../../../../H-x86_64-mingw32/nios2-elf/lib\libc.a(lib_a-mprec.o)
 .rodata.__mprec_tinytens
                0x0000000000033f1c       0x28 c:/intelfpga_lite/17.0/nios2eds/bin/gnu/h-x86_64-mingw32/bin/../lib/gcc/nios2-elf/5.3.0/../../../../../H-x86_64-mingw32/nios2-elf/lib\libc.a(lib_a-mprec.o)
                0x0000000000033f1c                __mprec_tinytens
 .rodata.__mprec_bigtens
                0x0000000000033f44       0x28 c:/intelfpga_lite/17.0/nios2eds/bin/gnu/h-x86_64-mingw32/bin/../lib/gcc/nios2-elf/5.3.0/../../../../../H-x86_64-mingw32/nios2-elf/lib\libc.a(lib_a-mprec.o)
                0x0000000000033f44                __mprec_bigtens
 .rodata.__mprec_tens
                0x0000000000033f6c       0xc8 c:/intelfpga_lite/17.0/nios2eds/bin/gnu/h-x86_64-mingw32/bin/../lib/gcc/nios2-elf/5.3.0/../../../../../H-x86_64-mingw32/nios2-elf/lib\libc.a(lib_a-mprec.o)
                0x0000000000033f6c                __mprec_tens
 .rodata.str1.4
                0x0000000000034034       0x2f c:/intelfpga_lite/17.0/nios2eds/bin/gnu/h-x86_64-mingw32/bin/../lib/gcc/nios2-elf/5.3.0/../../../../../H-x86_64-mingw32/nios2-elf/lib\libc.a(lib_a-vfiprintf.o)
 .rodata.zeroes.4349
                0x0000000000034034       0x10 c:/intelfpga_lite/17.0/nios2eds/bin/gnu/h-x86_64-mingw32/bin/../lib/gcc/nios2-elf/5.3.0/../../../../../H-x86_64-mingw32/nios2-elf/lib\libc.a(lib_a-vfiprintf.o)
 .rodata.blanks.4348
                0x0000000000034044       0x10 c:/intelfpga_lite/17.0/nios2eds/bin/gnu/h-x86_64-mingw32/bin/../lib/gcc/nios2-elf/5.3.0/../../../../../H-x86_64-mingw32/nios2-elf/lib\libc.a(lib_a-vfiprintf.o)
 .rodata        0x0000000000034054      0x100 c:/intelfpga_lite/17.0/nios2eds/bin/gnu/h-x86_64-mingw32/bin/../lib/gcc/nios2-elf/5.3.0\libgcc.a(_clz.o)
                0x0000000000034054                __clz_tab
 .rodata        0x0000000000034154        0xa ../test_bsp/\libhal_bsp.a(alt_dev.o)
 *fill*         0x000000000003415e        0x2 
 .rodata        0x0000000000034160        0xf ../test_bsp/\libhal_bsp.a(alt_main.o)
 *fill*         0x000000000003416f        0x1 
 .rodata        0x0000000000034170       0x2b ../test_bsp/\libhal_bsp.a(alt_sys_init.o)
 .rodata._ctype_
                0x000000000003419b      0x101 c:/intelfpga_lite/17.0/nios2eds/bin/gnu/h-x86_64-mingw32/bin/../lib/gcc/nios2-elf/5.3.0/../../../../../H-x86_64-mingw32/nios2-elf/lib\libc.a(lib_a-ctype_.o)
                0x000000000003419b                _ctype_
 .rodata._ctype_b
                0x000000000003429c      0x180 c:/intelfpga_lite/17.0/nios2eds/bin/gnu/h-x86_64-mingw32/bin/../lib/gcc/nios2-elf/5.3.0/../../../../../H-x86_64-mingw32/nios2-elf/lib\libc.a(lib_a-ctype_.o)
 *(.rodata1)
                0x000000000003441c                . = ALIGN (0x4)
                0x000000000003441c                PROVIDE (__ram_rodata_end, ABSOLUTE (.))
                0x0000000000019e28                PROVIDE (__flash_rodata_start, LOADADDR (.rodata))

.rwdata         0x000000000003441c     0x3940 load address 0x0000000000037d5c
                0x000000000003441c                PROVIDE (__ram_rwdata_start, ABSOLUTE (.))
                0x000000000003441c                . = ALIGN (0x4)
 *(.got.plt)
 *(.got)
 *(.data1)
 *(.data .data.* .gnu.linkonce.d.*)
 .data          0x000000000003441c        0x0 ../test_bsp//obj/HAL/src/crt0.o
 .data          0x000000000003441c      0xbc0 obj/default/Fonts/tahomabold_20.o
                0x000000000003441c                tahomabold_20
 .data          0x0000000000034fdc      0xbc0 obj/default/Fonts/tahomabold_32.o
                0x0000000000034fdc                tahomabold_32
 .data          0x0000000000035b9c        0x0 obj/default/Graphics/draw_gimps.o
 .data          0x0000000000035b9c        0x0 obj/default/Graphics/gimp_bmp.o
 .data          0x0000000000035b9c      0x415 obj/default/Graphics/simple_graphics.o
                0x0000000000035b9c                cour10_font_array
 .data          0x0000000000035fb1        0x0 obj/default/Graphics/simple_text.o
 .data          0x0000000000035fb1        0x0 obj/default/Pantalla/alt_video_display.o
 .data          0x0000000000035fb1       0x10 obj/default/SEG7.o
 .data          0x0000000000035fc1       0x32 obj/default/chap_9.o
                0x0000000000035fc1                DeviceDescr
                0x0000000000035fd3                ConfigDescr
 *fill*         0x0000000000035ff3        0x1 
 .data          0x0000000000035ff4       0xf8 obj/default/drv.o
                0x0000000000035ff4                StandardDeviceRequest
                0x0000000000036028                _NAME_USB_REQUEST_TYPE
                0x0000000000036038                _NAME_USB_STANDARD_REQUEST
                0x000000000003606c                VendorDeviceRequest
                0x00000000000360ac                _NAME_USB_VENDOR_REQUEST
 .data          0x00000000000360ec        0x0 obj/default/hal.o
 .data          0x00000000000360ec        0x0 obj/default/isr.o
 .data          0x00000000000360ec        0x0 obj/default/main.o
 .data          0x00000000000360ec        0x0 obj/default/usb_irq.o
 .data          0x00000000000360ec        0x0 c:/intelfpga_lite/17.0/nios2eds/bin/gnu/h-x86_64-mingw32/bin/../lib/gcc/nios2-elf/5.3.0\libgcc.a(lib2-divmod.o)
 .data          0x00000000000360ec        0x0 c:/intelfpga_lite/17.0/nios2eds/bin/gnu/h-x86_64-mingw32/bin/../lib/gcc/nios2-elf/5.3.0/../../../../../H-x86_64-mingw32/nios2-elf/lib\libc.a(lib_a-impure.o)
 .data.impure_data
                0x00000000000360ec      0x424 c:/intelfpga_lite/17.0/nios2eds/bin/gnu/h-x86_64-mingw32/bin/../lib/gcc/nios2-elf/5.3.0/../../../../../H-x86_64-mingw32/nios2-elf/lib\libc.a(lib_a-impure.o)
 .data          0x0000000000036510        0x0 c:/intelfpga_lite/17.0/nios2eds/bin/gnu/h-x86_64-mingw32/bin/../lib/gcc/nios2-elf/5.3.0/../../../../../H-x86_64-mingw32/nios2-elf/lib\libc.a(lib_a-malign.o)
 .data          0x0000000000036510        0x0 c:/intelfpga_lite/17.0/nios2eds/bin/gnu/h-x86_64-mingw32/bin/../lib/gcc/nios2-elf/5.3.0/../../../../../H-x86_64-mingw32/nios2-elf/lib\libc.a(lib_a-malignr.o)
 .data          0x0000000000036510        0x0 c:/intelfpga_lite/17.0/nios2eds/bin/gnu/h-x86_64-mingw32/bin/../lib/gcc/nios2-elf/5.3.0/../../../../../H-x86_64-mingw32/nios2-elf/lib\libc.a(lib_a-malloc.o)
 .data          0x0000000000036510        0x0 c:/intelfpga_lite/17.0/nios2eds/bin/gnu/h-x86_64-mingw32/bin/../lib/gcc/nios2-elf/5.3.0/../../../../../H-x86_64-mingw32/nios2-elf/lib\libc.a(lib_a-mallocr.o)
 .data.__malloc_av_
                0x0000000000036510      0x408 c:/intelfpga_lite/17.0/nios2eds/bin/gnu/h-x86_64-mingw32/bin/../lib/gcc/nios2-elf/5.3.0/../../../../../H-x86_64-mingw32/nios2-elf/lib\libc.a(lib_a-mallocr.o)
                0x0000000000036510                __malloc_av_
 .data          0x0000000000036918        0x0 c:/intelfpga_lite/17.0/nios2eds/bin/gnu/h-x86_64-mingw32/bin/../lib/gcc/nios2-elf/5.3.0/../../../../../H-x86_64-mingw32/nios2-elf/lib\libc.a(lib_a-memcpy.o)
 .data          0x0000000000036918        0x0 c:/intelfpga_lite/17.0/nios2eds/bin/gnu/h-x86_64-mingw32/bin/../lib/gcc/nios2-elf/5.3.0/../../../../../H-x86_64-mingw32/nios2-elf/lib\libc.a(lib_a-memset.o)
 .data          0x0000000000036918        0x0 c:/intelfpga_lite/17.0/nios2eds/bin/gnu/h-x86_64-mingw32/bin/../lib/gcc/nios2-elf/5.3.0/../../../../../H-x86_64-mingw32/nios2-elf/lib\libc.a(lib_a-printf.o)
 .data          0x0000000000036918        0x0 c:/intelfpga_lite/17.0/nios2eds/bin/gnu/h-x86_64-mingw32/bin/../lib/gcc/nios2-elf/5.3.0/../../../../../H-x86_64-mingw32/nios2-elf/lib\libc.a(lib_a-putc.o)
 .data          0x0000000000036918        0x0 c:/intelfpga_lite/17.0/nios2eds/bin/gnu/h-x86_64-mingw32/bin/../lib/gcc/nios2-elf/5.3.0/../../../../../H-x86_64-mingw32/nios2-elf/lib\libc.a(lib_a-puts.o)
 .data          0x0000000000036918        0x0 c:/intelfpga_lite/17.0/nios2eds/bin/gnu/h-x86_64-mingw32/bin/../lib/gcc/nios2-elf/5.3.0/../../../../../H-x86_64-mingw32/nios2-elf/lib\libc.a(lib_a-sbrkr.o)
 .data          0x0000000000036918        0x0 c:/intelfpga_lite/17.0/nios2eds/bin/gnu/h-x86_64-mingw32/bin/../lib/gcc/nios2-elf/5.3.0/../../../../../H-x86_64-mingw32/nios2-elf/lib\libc.a(lib_a-strcpy.o)
 .data          0x0000000000036918        0x0 c:/intelfpga_lite/17.0/nios2eds/bin/gnu/h-x86_64-mingw32/bin/../lib/gcc/nios2-elf/5.3.0/../../../../../H-x86_64-mingw32/nios2-elf/lib\libc.a(lib_a-strlen.o)
 .data          0x0000000000036918        0x0 c:/intelfpga_lite/17.0/nios2eds/bin/gnu/h-x86_64-mingw32/bin/../lib/gcc/nios2-elf/5.3.0/../../../../../H-x86_64-mingw32/nios2-elf/lib\libc.a(lib_a-vfprintf.o)
 .data          0x0000000000036918        0x0 c:/intelfpga_lite/17.0/nios2eds/bin/gnu/h-x86_64-mingw32/bin/../lib/gcc/nios2-elf/5.3.0/../../../../../H-x86_64-mingw32/nios2-elf/lib\libc.a(lib_a-wbuf.o)
 .data          0x0000000000036918        0x0 c:/intelfpga_lite/17.0/nios2eds/bin/gnu/h-x86_64-mingw32/bin/../lib/gcc/nios2-elf/5.3.0/../../../../../H-x86_64-mingw32/nios2-elf/lib\libc.a(lib_a-wsetup.o)
 .data          0x0000000000036918        0x0 c:/intelfpga_lite/17.0/nios2eds/bin/gnu/h-x86_64-mingw32/bin/../lib/gcc/nios2-elf/5.3.0/../../../../../H-x86_64-mingw32/nios2-elf/lib\libc.a(lib_a-dtoa.o)
 .data          0x0000000000036918        0x0 c:/intelfpga_lite/17.0/nios2eds/bin/gnu/h-x86_64-mingw32/bin/../lib/gcc/nios2-elf/5.3.0/../../../../../H-x86_64-mingw32/nios2-elf/lib\libc.a(lib_a-fflush.o)
 .data          0x0000000000036918        0x0 c:/intelfpga_lite/17.0/nios2eds/bin/gnu/h-x86_64-mingw32/bin/../lib/gcc/nios2-elf/5.3.0/../../../../../H-x86_64-mingw32/nios2-elf/lib\libc.a(lib_a-findfp.o)
 .data          0x0000000000036918        0x0 c:/intelfpga_lite/17.0/nios2eds/bin/gnu/h-x86_64-mingw32/bin/../lib/gcc/nios2-elf/5.3.0/../../../../../H-x86_64-mingw32/nios2-elf/lib\libc.a(lib_a-freer.o)
 .data          0x0000000000036918        0x0 c:/intelfpga_lite/17.0/nios2eds/bin/gnu/h-x86_64-mingw32/bin/../lib/gcc/nios2-elf/5.3.0/../../../../../H-x86_64-mingw32/nios2-elf/lib\libc.a(lib_a-fvwrite.o)
 .data          0x0000000000036918        0x0 c:/intelfpga_lite/17.0/nios2eds/bin/gnu/h-x86_64-mingw32/bin/../lib/gcc/nios2-elf/5.3.0/../../../../../H-x86_64-mingw32/nios2-elf/lib\libc.a(lib_a-fwalk.o)
 .data          0x0000000000036918        0x0 c:/intelfpga_lite/17.0/nios2eds/bin/gnu/h-x86_64-mingw32/bin/../lib/gcc/nios2-elf/5.3.0/../../../../../H-x86_64-mingw32/nios2-elf/lib\libc.a(lib_a-int_errno.o)
 .data          0x0000000000036918        0x0 c:/intelfpga_lite/17.0/nios2eds/bin/gnu/h-x86_64-mingw32/bin/../lib/gcc/nios2-elf/5.3.0/../../../../../H-x86_64-mingw32/nios2-elf/lib\libc.a(lib_a-locale.o)
 .data.lc_message_charset
                0x0000000000036918       0x20 c:/intelfpga_lite/17.0/nios2eds/bin/gnu/h-x86_64-mingw32/bin/../lib/gcc/nios2-elf/5.3.0/../../../../../H-x86_64-mingw32/nios2-elf/lib\libc.a(lib_a-locale.o)
 .data.lc_ctype_charset
                0x0000000000036938       0x20 c:/intelfpga_lite/17.0/nios2eds/bin/gnu/h-x86_64-mingw32/bin/../lib/gcc/nios2-elf/5.3.0/../../../../../H-x86_64-mingw32/nios2-elf/lib\libc.a(lib_a-locale.o)
 .data.lconv    0x0000000000036958       0x38 c:/intelfpga_lite/17.0/nios2eds/bin/gnu/h-x86_64-mingw32/bin/../lib/gcc/nios2-elf/5.3.0/../../../../../H-x86_64-mingw32/nios2-elf/lib\libc.a(lib_a-locale.o)
 .data          0x0000000000036990        0x0 c:/intelfpga_lite/17.0/nios2eds/bin/gnu/h-x86_64-mingw32/bin/../lib/gcc/nios2-elf/5.3.0/../../../../../H-x86_64-mingw32/nios2-elf/lib\libc.a(lib_a-makebuf.o)
 .data          0x0000000000036990        0x0 c:/intelfpga_lite/17.0/nios2eds/bin/gnu/h-x86_64-mingw32/bin/../lib/gcc/nios2-elf/5.3.0/../../../../../H-x86_64-mingw32/nios2-elf/lib\libc.a(lib_a-memchr.o)
 .data          0x0000000000036990        0x0 c:/intelfpga_lite/17.0/nios2eds/bin/gnu/h-x86_64-mingw32/bin/../lib/gcc/nios2-elf/5.3.0/../../../../../H-x86_64-mingw32/nios2-elf/lib\libc.a(lib_a-memmove.o)
 .data          0x0000000000036990        0x0 c:/intelfpga_lite/17.0/nios2eds/bin/gnu/h-x86_64-mingw32/bin/../lib/gcc/nios2-elf/5.3.0/../../../../../H-x86_64-mingw32/nios2-elf/lib\libc.a(lib_a-mprec.o)
 .data          0x0000000000036990        0x0 c:/intelfpga_lite/17.0/nios2eds/bin/gnu/h-x86_64-mingw32/bin/../lib/gcc/nios2-elf/5.3.0/../../../../../H-x86_64-mingw32/nios2-elf/lib\libc.a(lib_a-reallocr.o)
 .data          0x0000000000036990        0x0 c:/intelfpga_lite/17.0/nios2eds/bin/gnu/h-x86_64-mingw32/bin/../lib/gcc/nios2-elf/5.3.0/../../../../../H-x86_64-mingw32/nios2-elf/lib\libc.a(lib_a-s_fpclassify.o)
 .data          0x0000000000036990        0x0 c:/intelfpga_lite/17.0/nios2eds/bin/gnu/h-x86_64-mingw32/bin/../lib/gcc/nios2-elf/5.3.0/../../../../../H-x86_64-mingw32/nios2-elf/lib\libc.a(lib_a-stdio.o)
 .data          0x0000000000036990        0x0 c:/intelfpga_lite/17.0/nios2eds/bin/gnu/h-x86_64-mingw32/bin/../lib/gcc/nios2-elf/5.3.0/../../../../../H-x86_64-mingw32/nios2-elf/lib\libc.a(lib_a-strcmp.o)
 .data          0x0000000000036990        0x0 c:/intelfpga_lite/17.0/nios2eds/bin/gnu/h-x86_64-mingw32/bin/../lib/gcc/nios2-elf/5.3.0/../../../../../H-x86_64-mingw32/nios2-elf/lib\libc.a(lib_a-vfiprintf.o)
 .data          0x0000000000036990        0x0 c:/intelfpga_lite/17.0/nios2eds/bin/gnu/h-x86_64-mingw32/bin/../lib/gcc/nios2-elf/5.3.0/../../../../../H-x86_64-mingw32/nios2-elf/lib\libc.a(lib_a-writer.o)
 .data          0x0000000000036990        0x0 c:/intelfpga_lite/17.0/nios2eds/bin/gnu/h-x86_64-mingw32/bin/../lib/gcc/nios2-elf/5.3.0/../../../../../H-x86_64-mingw32/nios2-elf/lib\libc.a(closer.o)
 .data          0x0000000000036990        0x0 c:/intelfpga_lite/17.0/nios2eds/bin/gnu/h-x86_64-mingw32/bin/../lib/gcc/nios2-elf/5.3.0/../../../../../H-x86_64-mingw32/nios2-elf/lib\libc.a(lib_a-callocr.o)
 .data          0x0000000000036990        0x0 c:/intelfpga_lite/17.0/nios2eds/bin/gnu/h-x86_64-mingw32/bin/../lib/gcc/nios2-elf/5.3.0/../../../../../H-x86_64-mingw32/nios2-elf/lib\libc.a(lib_a-fclose.o)
 .data          0x0000000000036990        0x0 c:/intelfpga_lite/17.0/nios2eds/bin/gnu/h-x86_64-mingw32/bin/../lib/gcc/nios2-elf/5.3.0/../../../../../H-x86_64-mingw32/nios2-elf/lib\libc.a(lib_a-fputwc.o)
 .data          0x0000000000036990        0x0 c:/intelfpga_lite/17.0/nios2eds/bin/gnu/h-x86_64-mingw32/bin/../lib/gcc/nios2-elf/5.3.0/../../../../../H-x86_64-mingw32/nios2-elf/lib\libc.a(lib_a-fstatr.o)
 .data          0x0000000000036990        0x0 c:/intelfpga_lite/17.0/nios2eds/bin/gnu/h-x86_64-mingw32/bin/../lib/gcc/nios2-elf/5.3.0/../../../../../H-x86_64-mingw32/nios2-elf/lib\libc.a(lib_a-isattyr.o)
 .data          0x0000000000036990        0x0 c:/intelfpga_lite/17.0/nios2eds/bin/gnu/h-x86_64-mingw32/bin/../lib/gcc/nios2-elf/5.3.0/../../../../../H-x86_64-mingw32/nios2-elf/lib\libc.a(lib_a-lseekr.o)
 .data          0x0000000000036990        0x0 c:/intelfpga_lite/17.0/nios2eds/bin/gnu/h-x86_64-mingw32/bin/../lib/gcc/nios2-elf/5.3.0/../../../../../H-x86_64-mingw32/nios2-elf/lib\libc.a(lib_a-readr.o)
 .data          0x0000000000036990        0x0 c:/intelfpga_lite/17.0/nios2eds/bin/gnu/h-x86_64-mingw32/bin/../lib/gcc/nios2-elf/5.3.0/../../../../../H-x86_64-mingw32/nios2-elf/lib\libc.a(lib_a-wcrtomb.o)
 .data          0x0000000000036990        0x0 c:/intelfpga_lite/17.0/nios2eds/bin/gnu/h-x86_64-mingw32/bin/../lib/gcc/nios2-elf/5.3.0/../../../../../H-x86_64-mingw32/nios2-elf/lib\libc.a(lib_a-wctomb_r.o)
 .data          0x0000000000036990        0x0 c:/intelfpga_lite/17.0/nios2eds/bin/gnu/h-x86_64-mingw32/bin/../lib/gcc/nios2-elf/5.3.0\libgcc.a(_udivdi3.o)
 .data          0x0000000000036990        0x0 c:/intelfpga_lite/17.0/nios2eds/bin/gnu/h-x86_64-mingw32/bin/../lib/gcc/nios2-elf/5.3.0\libgcc.a(_umoddi3.o)
 .data          0x0000000000036990        0x0 c:/intelfpga_lite/17.0/nios2eds/bin/gnu/h-x86_64-mingw32/bin/../lib/gcc/nios2-elf/5.3.0\libgcc.a(adddf3.o)
 .data          0x0000000000036990        0x0 c:/intelfpga_lite/17.0/nios2eds/bin/gnu/h-x86_64-mingw32/bin/../lib/gcc/nios2-elf/5.3.0\libgcc.a(divdf3.o)
 .data          0x0000000000036990        0x0 c:/intelfpga_lite/17.0/nios2eds/bin/gnu/h-x86_64-mingw32/bin/../lib/gcc/nios2-elf/5.3.0\libgcc.a(eqdf2.o)
 .data          0x0000000000036990        0x0 c:/intelfpga_lite/17.0/nios2eds/bin/gnu/h-x86_64-mingw32/bin/../lib/gcc/nios2-elf/5.3.0\libgcc.a(gedf2.o)
 .data          0x0000000000036990        0x0 c:/intelfpga_lite/17.0/nios2eds/bin/gnu/h-x86_64-mingw32/bin/../lib/gcc/nios2-elf/5.3.0\libgcc.a(ledf2.o)
 .data          0x0000000000036990        0x0 c:/intelfpga_lite/17.0/nios2eds/bin/gnu/h-x86_64-mingw32/bin/../lib/gcc/nios2-elf/5.3.0\libgcc.a(muldf3.o)
 .data          0x0000000000036990        0x0 c:/intelfpga_lite/17.0/nios2eds/bin/gnu/h-x86_64-mingw32/bin/../lib/gcc/nios2-elf/5.3.0\libgcc.a(subdf3.o)
 .data          0x0000000000036990        0x0 c:/intelfpga_lite/17.0/nios2eds/bin/gnu/h-x86_64-mingw32/bin/../lib/gcc/nios2-elf/5.3.0\libgcc.a(fixdfsi.o)
 .data          0x0000000000036990        0x0 c:/intelfpga_lite/17.0/nios2eds/bin/gnu/h-x86_64-mingw32/bin/../lib/gcc/nios2-elf/5.3.0\libgcc.a(floatsidf.o)
 .data          0x0000000000036990        0x0 c:/intelfpga_lite/17.0/nios2eds/bin/gnu/h-x86_64-mingw32/bin/../lib/gcc/nios2-elf/5.3.0\libgcc.a(floatunsidf.o)
 .data          0x0000000000036990        0x0 c:/intelfpga_lite/17.0/nios2eds/bin/gnu/h-x86_64-mingw32/bin/../lib/gcc/nios2-elf/5.3.0\libgcc.a(_clz.o)
 .data          0x0000000000036990        0x0 c:/intelfpga_lite/17.0/nios2eds/bin/gnu/h-x86_64-mingw32/bin/../lib/gcc/nios2-elf/5.3.0\libgcc.a(_clzsi2.o)
 .data          0x0000000000036990        0x0 ../test_bsp/\libhal_bsp.a(alt_close.o)
 .data          0x0000000000036990      0x1a8 ../test_bsp/\libhal_bsp.a(alt_dev.o)
                0x0000000000036990                alt_dev_null
                0x00000000000369b8                alt_fd_list
 .data          0x0000000000036b38        0x0 ../test_bsp/\libhal_bsp.a(alt_errno.o)
 .data          0x0000000000036b38        0x0 ../test_bsp/\libhal_bsp.a(alt_fstat.o)
 .data          0x0000000000036b38        0x0 ../test_bsp/\libhal_bsp.a(alt_irq_register.o)
 .data          0x0000000000036b38        0x0 ../test_bsp/\libhal_bsp.a(alt_irq_vars.o)
 .data          0x0000000000036b38        0x0 ../test_bsp/\libhal_bsp.a(alt_isatty.o)
 .data          0x0000000000036b38        0x0 ../test_bsp/\libhal_bsp.a(alt_load.o)
 .data          0x0000000000036b38        0x0 ../test_bsp/\libhal_bsp.a(alt_lseek.o)
 .data          0x0000000000036b38        0x0 ../test_bsp/\libhal_bsp.a(alt_main.o)
 .data          0x0000000000036b38        0x0 ../test_bsp/\libhal_bsp.a(alt_malloc_lock.o)
 .data          0x0000000000036b38        0x0 ../test_bsp/\libhal_bsp.a(alt_read.o)
 .data          0x0000000000036b38        0x0 ../test_bsp/\libhal_bsp.a(alt_release_fd.o)
 .data          0x0000000000036b38        0x0 ../test_bsp/\libhal_bsp.a(alt_remap_cached.o)
 .data          0x0000000000036b38        0x0 ../test_bsp/\libhal_bsp.a(alt_remap_uncached.o)
 .data          0x0000000000036b38        0x0 ../test_bsp/\libhal_bsp.a(alt_sbrk.o)
 .data          0x0000000000036b38        0x0 ../test_bsp/\libhal_bsp.a(alt_tick.o)